[{"id":1,"namespace_id":1,"repository_id":1,"created_at":"2020-04-15T12:04:28.95584","blob_digest":"\\x01be5888e67be651f1fbb59006f0fd791b44ed3fceaa6323ab4e37d5928874345a"}, 
 {"id":2,"namespace_id":1,"repository_id":1,"created_at":"2020-04-15T12:04:28.95584","blob_digest":"\\x01e2334dd9fee4b77e48a8f2d793904118a3acf26f1f2e72a3d79c6cae993e07f0"}, 
 {"id":31,"namespace_id":5,"repository_id":8,"created_at":"2020-04-15T12:04:28.95584","blob_digest":"\\x012ee122dcc32de080998a9e1ab8665445f621cd323d3ce6bdea2b8a58a921f312"}, 
 {"id":32,"namespace_id":5,"repository_id":8,"created_at":"2020-04-15T12:04:28.95584","blob_digest":"\\x018a0637ca1ac98db4cf29f7632449c92801adc80cf0da2cd9c9e39882ce466561"}, 
 {"id":33,"namespace_id":5,"repository_id":8,"created_at":"2020-04-15T12:04:28.95584","blob_digest":"\\x01a187dde48cd289ac374ad8539930628314bc581a481cdb41409c9289419ddb72"}, 
 {"id":34,"namespace_id":5,"repository_id":8,"created_at":"2020-04-15T12:04:28.95584","blob_digest":"\\x01aad63a9339440e7c3e1fff2b988991b9bfb81280042fa7f39a5e327023056819"}, 
 {"id":41,"namespace_id":8,"repository_id":11,"created_at":"2020-04-15T12:04:28.95584","blob_digest":"\\x01b265c63feef2db2365adab2b8f9cfdc4f8fef20f623a2c171bc3ef4d61779c91"}, 
 {"id":42,"namespace_id":8,"repository_id":11,"created_at":"2020-04-15T12:04:28.95584","blob_digest":"\\x01c9b1b535fdd91a9855fb7f82348177e5f019329a58c53c47272962dd60f71fc9"}, 
 {"id":43,"namespace_id":8,"repository_id":11,"created_at":"2020-04-15T12:04:28.95584","blob_digest":"\\x0138927b8c2bae0bb9f6782a3fd7a22496f7f6dd8612c8bb5f30ab8b42edb75e76"}, 
 {"id":44,"namespace_id":8,"repository_id":11,"created_at":"2020-04-15T12:04:28.95584","blob_digest":"\\x01a2fb90fbbeba5363762b4daf4a4d9a925e5a18a58f8cb1571d2e33c2ffc6b437"}, 
 {"id":45,"namespace_id":8,"repository_id":11,"created_at":"2020-04-15T12:04:28.95584","blob_digest":"\\x01924c56d4299dfd204bb44564604124e503d6a6f7c15cba4d444ad569012ffab9"}, 
 {"id":46,"namespace_id":8,"repository_id":11,"created_at":"2020-04-15T12:04:28.95584","blob_digest":"\\x013ef776e71635d79e5b6b8b6317b3adeda3b0c8aca61c4537678cc02eab466b17"}, 
 {"id":48,"namespace_id":8,"repository_id":11,"created_at":"2020-04-15T12:04:28.95584","blob_digest":"\\x01a50d1d359d8caefdca616daf1cd30f9e07c7bcfbfcdc37ced801ba341ab8e9e5"}, 
 {"id":49,"namespace_id":8,"repository_id":11,"created_at":"2020-04-15T12:04:28.95584","blob_digest":"\\x0175543ad505259af72704dd911f8ec2cddc01ce9abc79345afbbdb1b7778a6310"}, 
 {"id":50,"namespace_id":8,"repository_id":11,"created_at":"2020-04-15T12:04:28.95584","blob_digest":"\\x01e2d30fbdb0781e04de442a7c3eca67d997e5c87da3bd4286c274cc6c4ec707c7"}, 
 {"id":51,"namespace_id":8,"repository_id":11,"created_at":"2020-04-15T12:04:28.95584","blob_digest":"\\x01bda9e8f07268fe2c2e97833c721102739f7d6ff9401b7f03aaec176e772bbd8b"}, 
 {"id":53,"namespace_id":8,"repository_id":11,"created_at":"2020-04-15T12:04:28.95584","blob_digest":"\\x015042ef227578477784ce48d26f549739d919223ca9a511efb2be091cd6e7c957"}, 
 {"id":54,"namespace_id":8,"repository_id":11,"created_at":"2020-04-15T12:04:28.95584","blob_digest":"\\x01ba44d9d3f13a26d49ec4e53f8b69092d61c7f7fd9d4abd07ae086d96958fdb13"}, 
 {"id":55,"namespace_id":8,"repository_id":11,"created_at":"2020-04-15T12:04:28.95584","blob_digest":"\\x0104f2d9b76105721fac9b03445f164e585457002aa69a36f84bda78e848e48ebe"}, 
 {"id":3,"namespace_id":2,"repository_id":2,"created_at":"2020-04-15T12:04:28.95584","blob_digest":"\\x015c5637d8a82384db15453cd807664167553ad6dd5c261438a0e93e279b2dbb68"}, 
 {"id":4,"namespace_id":2,"repository_id":2,"created_at":"2020-04-15T12:04:28.95584","blob_digest":"\\x01aad63a9339440e7c3e1fff2b988991b9bfb81280042fa7f39a5e327023056819"}, 
 {"id":5,"namespace_id":2,"repository_id":2,"created_at":"2020-04-15T12:04:28.95584","blob_digest":"\\x01541cb024bf66c36eab08a7896d96ba1e929b45e33b9242d912e4c982a8e6d2c8"}, 
 {"id":6,"namespace_id":2,"repository_id":2,"created_at":"2020-04-15T12:04:28.95584","blob_digest":"\\x01270420c343f3239793a3aa2928f17b524d4061b0d21d3f634b9ccaca25eba02d"}, 
 {"id":7,"namespace_id":2,"repository_id":2,"created_at":"2020-04-15T12:04:28.95584","blob_digest":"\\x018dd6c66eb1b07a8ca5d7a27c0e926ff8381c20cdf6dac0ac7fa2d76b836f2f27"}, 
 {"id":8,"namespace_id":2,"repository_id":2,"created_at":"2020-04-15T12:04:28.95584","blob_digest":"\\x01782d2f0df1b37094da78776a309bad2e7eef366d5d9b8c08b40daf5dbd7f236f"}, 
 {"id":9,"namespace_id":2,"repository_id":2,"created_at":"2020-04-15T12:04:28.95584","blob_digest":"\\x01b0648f46f4c9ee1f6a17e7b78cd9b265d9eeb6f6fb12cd24d8ed89e66b569b31"}, 
 {"id":10,"namespace_id":2,"repository_id":4,"created_at":"2020-04-15T12:04:28.95584","blob_digest":"\\x01c59f425529b7d5d3fb646a0a5288878d27a16fee361d86ab89d3be36c1e6e560"}, 
 {"id":11,"namespace_id":2,"repository_id":4,"created_at":"2020-04-15T12:04:28.95584","blob_digest":"\\x01aad63a9339440e7c3e1fff2b988991b9bfb81280042fa7f39a5e327023056819"}, 
 {"id":12,"namespace_id":2,"repository_id":4,"created_at":"2020-04-15T12:04:28.95584","blob_digest":"\\x01541cb024bf66c36eab08a7896d96ba1e929b45e33b9242d912e4c982a8e6d2c8"}, 
 {"id":13,"namespace_id":2,"repository_id":4,"created_at":"2020-04-15T12:04:28.95584","blob_digest":"\\x01270420c343f3239793a3aa2928f17b524d4061b0d21d3f634b9ccaca25eba02d"}, 
 {"id":14,"namespace_id":2,"repository_id":4,"created_at":"2020-04-15T12:04:28.95584","blob_digest":"\\x01eb793112d4077f146a27ba841424de424e659fa019b2528709d10fe58d2b7218"}, 
 {"id":15,"namespace_id":2,"repository_id":4,"created_at":"2020-04-15T12:04:28.95584","blob_digest":"\\x01d800150424402c2d3c7002f4291741de85dfb4cacc7ac87dda88a7af750e198c"}, 
 {"id":16,"namespace_id":2,"repository_id":4,"created_at":"2020-04-15T12:04:28.95584","blob_digest":"\\x01de8942d49ac9c76729cb5eacea126b7ade803035bfff2e026bb63683f53e353c"}, 
 {"id":17,"namespace_id":2,"repository_id":4,"created_at":"2020-04-15T12:04:28.95584","blob_digest":"\\x01631bf69df08e11fff62ae65c901ba312618056a197b8e44a8c8b5a14e19599f2"}, 
 {"id":18,"namespace_id":2,"repository_id":4,"created_at":"2020-04-15T12:04:28.95584","blob_digest":"\\x01e7c96db7181be991f19a9fb6975cdbbd73c65f4a2681348e63a141a2192a5f10"}, 
 {"id":19,"namespace_id":2,"repository_id":4,"created_at":"2020-04-15T12:04:28.95584","blob_digest":"\\x01b8af38234db8796d645ec9541647315cdae2830b8f7c477b618feabbeee672cc"}, 
 {"id":20,"namespace_id":2,"repository_id":4,"created_at":"2020-04-15T12:04:28.95584","blob_digest":"\\x01c7b5e96879e00e980373ed29b9088020ea3d931c156252c1aae326b86a6775d4"}, 
 {"id":21,"namespace_id":2,"repository_id":4,"created_at":"2020-04-15T12:04:28.95584","blob_digest":"\\x01bd01e7204bc2e6511d76700eae62c49824b429140735ce33c26ec5cf7cd2fd08"}, 
 {"id":22,"namespace_id":2,"repository_id":4,"created_at":"2020-04-15T12:04:28.95584","blob_digest":"\\x013250e649335b95bc1de7ab27c52ca193d65d443aebb81d0b41a93c3cebcd8fe1"}, 
 {"id":23,"namespace_id":2,"repository_id":4,"created_at":"2020-04-15T12:04:28.95584","blob_digest":"\\x01df4e8d78e015de17d85dccd54bb6fcae57e89d1840062fc71b8f6cf97d34be64"}, 
 {"id":24,"namespace_id":2,"repository_id":7,"created_at":"2020-04-15T12:04:28.95584","blob_digest":"\\x01ca0b6709748d024a67c502558ea88dc8a1f8a858d380f5ddafa1504126a3b018"}, 
 {"id":25,"namespace_id":2,"repository_id":7,"created_at":"2020-04-15T12:04:28.95584","blob_digest":"\\x01ff3a5c916c92643ff77519ffa742d3ec61b7f591b6b7504599d95a4a41134e28"}, 
 {"id":26,"namespace_id":2,"repository_id":7,"created_at":"2020-04-15T12:04:28.95584","blob_digest":"\\x01aae70a2e60279ffae89150a59b81fe10d1d81f341ef6f31b9714ea6cc3418577"}, 
 {"id":27,"namespace_id":2,"repository_id":7,"created_at":"2020-04-15T12:04:28.95584","blob_digest":"\\x0187c655da471c9a7d8f946ec7b04a6a72a98ae8c1734bddf4b950861b5638fe20"}, 
 {"id":28,"namespace_id":2,"repository_id":7,"created_at":"2020-04-15T12:04:28.95584","blob_digest":"\\x01bc3141806bdc4b83ac744c622a094557530eb0806035fd282d94a12c445403c5"}, 
 {"id":29,"namespace_id":2,"repository_id":7,"created_at":"2020-04-15T12:04:28.95584","blob_digest":"\\x0153616fb426d99f5067684c6302e7f05774538757388a5425bfad9b261e106f08"}, 
 {"id":30,"namespace_id":2,"repository_id":7,"created_at":"2020-04-15T12:04:28.95584","blob_digest":"\\x019791c5883c6a7a073f047dabfb3ed6b47e24ac016d7f51bbe16f06acafaeb6ee"}, 
 {"id":39,"namespace_id":7,"repository_id":10,"created_at":"2020-04-15T12:04:28.95584","blob_digest":"\\x01cbcce8ad7fdaea54f60aeef01f57f2f46f67382b5d391d63d2b55f536195935a"}, 
 {"id":40,"namespace_id":7,"repository_id":10,"created_at":"2020-04-15T12:04:28.95584","blob_digest":"\\x0150723273cfd47a0e6222d64e993b1bd1bb97f84b4e0d1336bc0e24596c72b631"}]