[{"namespace_id":1,"repository_id":1,"manifest_id":1,"review_after":"2020-04-16T12:04:28.95584","review_count":0}, 
 {"namespace_id":3,"repository_id":3,"manifest_id":2,"review_after":"2020-04-16T12:04:28.95584","review_count":0}]