[{"id":1,"namespace_id":1,"repository_id":1,"manifest_id":1,"size":2802957,"created_at":"2020-04-15T12:04:28.95584","media_type_id":6,"digest":"\\x01c9b1b535fdd91a9855fb7f82348177e5f019329a58c53c47272962dd60f71fc9"}, 
 {"id":2,"namespace_id":1,"repository_id":1,"manifest_id":1,"size":150,"created_at":"2020-04-15T12:04:28.95584","media_type_id":6,"digest":"\\x01b7867d520faf905f0de7a863bed8648a9ac7a3210d03015b6da6f46b9f491590"}, 
 {"id":3,"namespace_id":1,"repository_id":1,"manifest_id":1,"size":524670,"created_at":"2020-04-15T12:04:28.95584","media_type_id":6,"digest":"\\x01bd89fc523d6b61cdd28df3725af98e95e8f7e10f96d09cb52783feb6a4ea6bb4"}, 
 {"id":4,"namespace_id":1,"repository_id":1,"manifest_id":1,"size":162,"created_at":"2020-04-15T12:04:28.95584","media_type_id":6,"digest":"\\x019de02dfcbc83f7163124c0d8b0e78f2620d3348e2d7412e85a289bbbee44b378"}, 
 {"id":5,"namespace_id":3,"repository_id":3,"manifest_id":2,"size":2802957,"created_at":"2020-04-15T12:04:28.95584","media_type_id":6,"digest":"\\x01c9b1b535fdd91a9855fb7f82348177e5f019329a58c53c47272962dd60f71fc9"}, 
 {"id":6,"namespace_id":3,"repository_id":3,"manifest_id":2,"size":150,"created_at":"2020-04-15T12:04:28.95584","media_type_id":6,"digest":"\\x014e300dfdc32ff66a211ba25c0d93b5f5ea54f7fc1fa57a16505d74e983bdfa92"}, 
 {"id":7,"namespace_id":3,"repository_id":3,"manifest_id":2,"size":524676,"created_at":"2020-04-15T12:04:28.95584","media_type_id":6,"digest":"\\x01eaf5fab987dc979d7df7444f85d0d0707ca00f6816db41a1ea61f7ad4900e0c7"}, 
 {"id":8,"namespace_id":3,"repository_id":3,"manifest_id":2,"size":165,"created_at":"2020-04-15T12:04:28.95584","media_type_id":6,"digest":"\\x019bc8ddb213aad0b8c8418064dc685f3e7e4557236fd4f6588bc61b8784a30a13"}]