[{"id":1,"top_level_namespace_id":1,"parent_id":null,"created_at":"2020-04-15T12:04:28.95584","updated_at":null,"name":"a-happy","path":"a-happy"}, 
 {"id":3,"top_level_namespace_id":3,"parent_id":null,"created_at":"2020-04-15T12:04:28.95584","updated_at":null,"name":"c-happy","path":"c-happy"}]