[{"id":1,"created_at":"2020-04-15T12:04:28.95584","updated_at":null,"name":"a-happy"}, 
 {"id":3,"created_at":"2020-04-15T12:04:28.95584","updated_at":null,"name":"c-happy"}]