[{"created_at":"2020-04-15T12:04:28.95584","digest":"\\x01a2490cec4484ee6c1068ba3a05f89934010c85242f736280b35343483b2264b6"}, 
 {"created_at":"2020-04-15T12:04:28.95584","digest":"\\x01cda5d02e4ea900a8d52e834bc3158e83b8a87a5b44ae081885aecf9b156dcff1"}, 
 {"created_at":"2020-04-15T12:04:28.95584","digest":"\\x0118e31fe73a142c094fedbcdac27973233f82e5c9ef7b10386991deffd47caded"}, 
 {"created_at":"2020-04-15T12:04:28.95584","digest":"\\x018205a681aa6eea2b0c27249894def02a14ff2cbe9fc78e83d62ad04d1180deb9"}, 
 {"created_at":"2020-04-15T12:04:28.95584","digest":"\\x01d2e931823751ff06f08f70b7603a20b9e8af7b0d9afcb493d934327d622d2a1e"}, 
 {"created_at":"2020-04-15T12:04:28.95584","digest":"\\x01f8f5ca4728269ef4eecd49db2345a03f8ab9244e049fc2af96f7b422dd6df009"}, 
 {"created_at":"2020-04-15T12:04:28.95584","digest":"\\x01cb8a924afdf0229ef7515d9e5b3024e23b3eb03ddbba287f4a19c6ac90b8d221"}, 
 {"created_at":"2020-04-15T12:04:28.95584","digest":"\\x01597bd5c319cc09d6bb295b4ef23cac50ec7c373fff5fe923cfd246ec09967b31"}, 
 {"created_at":"2020-04-15T12:04:28.95584","digest":"\\x01cc2f7914532f430d4e5d75b5c855ec4b46feb893bbd2974456f0bf46015b7621"}, 
 {"created_at":"2020-04-15T12:04:28.95584","digest":"\\x01efdb07f074a5cfb25547c0cf1ddac509a10ec9eb15e565584988c913ccaa344a"}]