[{"id":1,"top_level_namespace_id":2,"repository_id":2,"manifest_id":1,"digest":"\\x01c713f119070ab80f382f8cb0673fcf4fe27674390db431550b4720e2d3af3b78"}]