[{"id":2,"top_level_namespace_id":2,"repository_id":2,"layer_id":2,"digest":"\\x0107a38b49898c7b696e883ea023623480edcd9de891208a7490869a73332a40f6"}, 
 {"id":1,"top_level_namespace_id":2,"repository_id":2,"layer_id":1,"digest":"\\x01c9b1b535fdd91a9855fb7f82348177e5f019329a58c53c47272962dd60f71fc9"}, 
 {"id":3,"top_level_namespace_id":2,"repository_id":2,"layer_id":3,"digest":"\\x01231202a4bc34a319a4ad73d541c4a33bee47745fc5cdddb88ed97e56bf254a86"}, 
 {"id":4,"top_level_namespace_id":2,"repository_id":2,"layer_id":4,"digest":"\\x01c200ce683d81002b56304d94edd8d9f13d4cbe061f574100d7b238fa44eed3a4"}]