[{"namespace_id":2,"repository_id":2,"manifest_id":1,"review_after":"2020-04-16T12:04:28.95584","review_count":0}]