[{"created_at":"2020-04-15T12:04:28.95584","digest":"\\x01bc2764b83060f9c4e1f9ff15a5f1d77ad13b2c135f6a9c9ba8e9f6eec877fb48"}]