[{"id":1,"namespace_id":2,"repository_id":2,"manifest_id":1,"size":2802957,"created_at":"2020-04-15T12:04:28.95584","media_type_id":6,"digest":"\\x01c9b1b535fdd91a9855fb7f82348177e5f019329a58c53c47272962dd60f71fc9"}, 
 {"id":2,"namespace_id":2,"repository_id":2,"manifest_id":1,"size":148,"created_at":"2020-04-15T12:04:28.95584","media_type_id":6,"digest":"\\x0107a38b49898c7b696e883ea023623480edcd9de891208a7490869a73332a40f6"}, 
 {"id":3,"namespace_id":2,"repository_id":2,"manifest_id":1,"size":524670,"created_at":"2020-04-15T12:04:28.95584","media_type_id":6,"digest":"\\x01231202a4bc34a319a4ad73d541c4a33bee47745fc5cdddb88ed97e56bf254a86"}, 
 {"id":4,"namespace_id":2,"repository_id":2,"manifest_id":1,"size":162,"created_at":"2020-04-15T12:04:28.95584","media_type_id":6,"digest":"\\x01c200ce683d81002b56304d94edd8d9f13d4cbe061f574100d7b238fa44eed3a4"}]