[{"id":2,"top_level_namespace_id":2,"parent_id":null,"created_at":"2020-04-15T12:04:28.95584","updated_at":null,"name":"b-happy-repo","path":"b-happy-repo"}]