[{"id":1,"namespace_id":2,"repository_id":2,"manifest_id":1,"created_at":"2020-04-15T12:04:28.95584","updated_at":null,"name":"latest"}]