[{"id":1,"namespace_id":6,"repository_id":9,"parent_id":9,"child_id":8,"created_at":"2020-04-15T12:04:28.95584"}, 
 {"id":2,"namespace_id":6,"repository_id":9,"parent_id":9,"child_id":7,"created_at":"2020-04-15T12:04:28.95584"}]