[{"id":1,"configuration_id":1,"created_at":"2020-04-15T12:04:28.95584","marked_at":null,"schema_version":2,"digest":"01efdb07f074a5cfb25547c0cf1ddac509a10ec9eb15e565584988c913ccaa344a","payload":{
   "schemaVersion": 2,
   "mediaType": "application/vnd.docker.distribution.manifest.v2+json",
   "config": {
      "mediaType": "application/vnd.docker.container.image.v1+json",
      "size": 2048,
      "digest": "sha256:bda9e8f07268fe2c2e97833c721102739f7d6ff9401b7f03aaec176e772bbd8b"
   },
   "layers": [
      {
         "mediaType": "application/vnd.docker.image.rootfs.diff.tar.gzip",
         "size": 2802957,
         "digest": "sha256:c9b1b535fdd91a9855fb7f82348177e5f019329a58c53c47272962dd60f71fc9"
      },
      {
         "mediaType": "application/vnd.docker.image.rootfs.diff.tar.gzip",
         "size": 149,
         "digest": "sha256:5042ef227578477784ce48d26f549739d919223ca9a511efb2be091cd6e7c957"
      },
      {
         "mediaType": "application/vnd.docker.image.rootfs.diff.tar.gzip",
         "size": 524674,
         "digest": "sha256:ba44d9d3f13a26d49ec4e53f8b69092d61c7f7fd9d4abd07ae086d96958fdb13"
      },
      {
         "mediaType": "application/vnd.docker.image.rootfs.diff.tar.gzip",
         "size": 164,
         "digest": "sha256:04f2d9b76105721fac9b03445f164e585457002aa69a36f84bda78e848e48ebe"
      }
   ]
},"media_type_id":3}, 
 {"id":2,"configuration_id":2,"created_at":"2020-04-15T12:04:28.95584","marked_at":null,"schema_version":2,"digest":"01a2490cec4484ee6c1068ba3a05f89934010c85242f736280b35343483b2264b6","payload":{
   "schemaVersion": 2,
   "mediaType": "application/vnd.docker.distribution.manifest.v2+json",
   "config": {
      "mediaType": "application/vnd.docker.container.image.v1+json",
      "size": 1494,
      "digest": "sha256:be5888e67be651f1fbb59006f0fd791b44ed3fceaa6323ab4e37d5928874345a"
   },
   "layers": [
      {
         "mediaType": "application/vnd.docker.image.rootfs.diff.tar.gzip",
         "size": 760854,
         "digest": "sha256:e2334dd9fee4b77e48a8f2d793904118a3acf26f1f2e72a3d79c6cae993e07f0"
      }
   ]
},"media_type_id":3}, 
 {"id":3,"configuration_id":3,"created_at":"2020-04-15T12:04:28.95584","marked_at":null,"schema_version":2,"digest":"01cda5d02e4ea900a8d52e834bc3158e83b8a87a5b44ae081885aecf9b156dcff1","payload":{
   "schemaVersion": 2,
   "mediaType": "application/vnd.docker.distribution.manifest.v2+json",
   "config": {
      "mediaType": "application/vnd.docker.container.image.v1+json",
      "size": 5528,
      "digest": "sha256:5c5637d8a82384db15453cd807664167553ad6dd5c261438a0e93e279b2dbb68"
   },
   "layers": [
      {
         "mediaType": "application/vnd.docker.image.rootfs.diff.tar.gzip",
         "size": 2803255,
         "digest": "sha256:aad63a9339440e7c3e1fff2b988991b9bfb81280042fa7f39a5e327023056819"
      },
      {
         "mediaType": "application/vnd.docker.image.rootfs.diff.tar.gzip",
         "size": 1228,
         "digest": "sha256:541cb024bf66c36eab08a7896d96ba1e929b45e33b9242d912e4c982a8e6d2c8"
      },
      {
         "mediaType": "application/vnd.docker.image.rootfs.diff.tar.gzip",
         "size": 402572,
         "digest": "sha256:270420c343f3239793a3aa2928f17b524d4061b0d21d3f634b9ccaca25eba02d"
      },
      {
         "mediaType": "application/vnd.docker.image.rootfs.diff.tar.gzip",
         "size": 6781145,
         "digest": "sha256:8dd6c66eb1b07a8ca5d7a27c0e926ff8381c20cdf6dac0ac7fa2d76b836f2f27"
      },
      {
         "mediaType": "application/vnd.docker.image.rootfs.diff.tar.gzip",
         "size": 99,
         "digest": "sha256:782d2f0df1b37094da78776a309bad2e7eef366d5d9b8c08b40daf5dbd7f236f"
      },
      {
         "mediaType": "application/vnd.docker.image.rootfs.diff.tar.gzip",
         "size": 412,
         "digest": "sha256:b0648f46f4c9ee1f6a17e7b78cd9b265d9eeb6f6fb12cd24d8ed89e66b569b31"
      }
   ]
},"media_type_id":3}, 
 {"id":4,"configuration_id":4,"created_at":"2020-04-15T12:04:28.95584","marked_at":null,"schema_version":2,"digest":"0118e31fe73a142c094fedbcdac27973233f82e5c9ef7b10386991deffd47caded","payload":{
   "schemaVersion": 2,
   "mediaType": "application/vnd.docker.distribution.manifest.v2+json",
   "config": {
      "mediaType": "application/vnd.docker.container.image.v1+json",
      "size": 5532,
      "digest": "sha256:c59f425529b7d5d3fb646a0a5288878d27a16fee361d86ab89d3be36c1e6e560"
   },
   "layers": [
      {
         "mediaType": "application/vnd.docker.image.rootfs.diff.tar.gzip",
         "size": 2803255,
         "digest": "sha256:aad63a9339440e7c3e1fff2b988991b9bfb81280042fa7f39a5e327023056819"
      },
      {
         "mediaType": "application/vnd.docker.image.rootfs.diff.tar.gzip",
         "size": 1228,
         "digest": "sha256:541cb024bf66c36eab08a7896d96ba1e929b45e33b9242d912e4c982a8e6d2c8"
      },
      {
         "mediaType": "application/vnd.docker.image.rootfs.diff.tar.gzip",
         "size": 402572,
         "digest": "sha256:270420c343f3239793a3aa2928f17b524d4061b0d21d3f634b9ccaca25eba02d"
      },
      {
         "mediaType": "application/vnd.docker.image.rootfs.diff.tar.gzip",
         "size": 4501173,
         "digest": "sha256:eb793112d4077f146a27ba841424de424e659fa019b2528709d10fe58d2b7218"
      },
      {
         "mediaType": "application/vnd.docker.image.rootfs.diff.tar.gzip",
         "size": 99,
         "digest": "sha256:d800150424402c2d3c7002f4291741de85dfb4cacc7ac87dda88a7af750e198c"
      },
      {
         "mediaType": "application/vnd.docker.image.rootfs.diff.tar.gzip",
         "size": 414,
         "digest": "sha256:de8942d49ac9c76729cb5eacea126b7ade803035bfff2e026bb63683f53e353c"
      }
   ]
},"media_type_id":3}, 
 {"id":5,"configuration_id":5,"created_at":"2020-04-15T12:04:28.95584","marked_at":null,"schema_version":2,"digest":"018205a681aa6eea2b0c27249894def02a14ff2cbe9fc78e83d62ad04d1180deb9","payload":{
   "schemaVersion": 2,
   "mediaType": "application/vnd.docker.distribution.manifest.v2+json",
   "config": {
      "mediaType": "application/vnd.docker.container.image.v1+json",
      "size": 5101,
      "digest": "sha256:631bf69df08e11fff62ae65c901ba312618056a197b8e44a8c8b5a14e19599f2"
   },
   "layers": [
      {
         "mediaType": "application/vnd.docker.image.rootfs.diff.tar.gzip",
         "size": 2757034,
         "digest": "sha256:e7c96db7181be991f19a9fb6975cdbbd73c65f4a2681348e63a141a2192a5f10"
      },
      {
         "mediaType": "application/vnd.docker.image.rootfs.diff.tar.gzip",
         "size": 1253,
         "digest": "sha256:b8af38234db8796d645ec9541647315cdae2830b8f7c477b618feabbeee672cc"
      },
      {
         "mediaType": "application/vnd.docker.image.rootfs.diff.tar.gzip",
         "size": 403836,
         "digest": "sha256:c7b5e96879e00e980373ed29b9088020ea3d931c156252c1aae326b86a6775d4"
      },
      {
         "mediaType": "application/vnd.docker.image.rootfs.diff.tar.gzip",
         "size": 14604899,
         "digest": "sha256:bd01e7204bc2e6511d76700eae62c49824b429140735ce33c26ec5cf7cd2fd08"
      },
      {
         "mediaType": "application/vnd.docker.image.rootfs.diff.tar.gzip",
         "size": 98,
         "digest": "sha256:3250e649335b95bc1de7ab27c52ca193d65d443aebb81d0b41a93c3cebcd8fe1"
      },
      {
         "mediaType": "application/vnd.docker.image.rootfs.diff.tar.gzip",
         "size": 413,
         "digest": "sha256:df4e8d78e015de17d85dccd54bb6fcae57e89d1840062fc71b8f6cf97d34be64"
      }
   ]
},"media_type_id":3}, 
 {"id":6,"configuration_id":6,"created_at":"2020-04-15T12:04:28.95584","marked_at":null,"schema_version":2,"digest":"01d2e931823751ff06f08f70b7603a20b9e8af7b0d9afcb493d934327d622d2a1e","payload":{
   "schemaVersion": 2,
   "mediaType": "application/vnd.docker.distribution.manifest.v2+json",
   "config": {
      "mediaType": "application/vnd.docker.container.image.v1+json",
      "size": 5108,
      "digest": "sha256:ca0b6709748d024a67c502558ea88dc8a1f8a858d380f5ddafa1504126a3b018"
   },
   "layers": [
      {
         "mediaType": "application/vnd.docker.image.rootfs.diff.tar.gzip",
         "size": 2065537,
         "digest": "sha256:ff3a5c916c92643ff77519ffa742d3ec61b7f591b6b7504599d95a4a41134e28"
      },
      {
         "mediaType": "application/vnd.docker.image.rootfs.diff.tar.gzip",
         "size": 1252,
         "digest": "sha256:aae70a2e60279ffae89150a59b81fe10d1d81f341ef6f31b9714ea6cc3418577"
      },
      {
         "mediaType": "application/vnd.docker.image.rootfs.diff.tar.gzip",
         "size": 8554,
         "digest": "sha256:87c655da471c9a7d8f946ec7b04a6a72a98ae8c1734bddf4b950861b5638fe20"
      },
      {
         "mediaType": "application/vnd.docker.image.rootfs.diff.tar.gzip",
         "size": 5887815,
         "digest": "sha256:bc3141806bdc4b83ac744c622a094557530eb0806035fd282d94a12c445403c5"
      },
      {
         "mediaType": "application/vnd.docker.image.rootfs.diff.tar.gzip",
         "size": 98,
         "digest": "sha256:53616fb426d99f5067684c6302e7f05774538757388a5425bfad9b261e106f08"
      },
      {
         "mediaType": "application/vnd.docker.image.rootfs.diff.tar.gzip",
         "size": 397,
         "digest": "sha256:9791c5883c6a7a073f047dabfb3ed6b47e24ac016d7f51bbe16f06acafaeb6ee"
      }
   ]
},"media_type_id":3}, 
 {"id":7,"configuration_id":7,"created_at":"2020-04-15T12:04:28.95584","marked_at":null,"schema_version":2,"digest":"01597bd5c319cc09d6bb295b4ef23cac50ec7c373fff5fe923cfd246ec09967b31","payload":{
   "schemaVersion": 2,
   "mediaType": "application/vnd.docker.distribution.manifest.v2+json",
   "config": {
      "mediaType": "application/vnd.docker.container.image.v1+json",
      "size": 1509,
      "digest": "sha256:2ee122dcc32de080998a9e1ab8665445f621cd323d3ce6bdea2b8a58a921f312"
   },
   "layers": [
      {
         "mediaType": "application/vnd.docker.image.rootfs.diff.tar.gzip",
         "size": 2723139,
         "digest": "sha256:8a0637ca1ac98db4cf29f7632449c92801adc80cf0da2cd9c9e39882ce466561"
      }
   ]
},"media_type_id":3}, 
 {"id":8,"configuration_id":8,"created_at":"2020-04-15T12:04:28.95584","marked_at":null,"schema_version":2,"digest":"01cb8a924afdf0229ef7515d9e5b3024e23b3eb03ddbba287f4a19c6ac90b8d221","payload":{
   "schemaVersion": 2,
   "mediaType": "application/vnd.docker.distribution.manifest.v2+json",
   "config": {
      "mediaType": "application/vnd.docker.container.image.v1+json",
      "size": 1509,
      "digest": "sha256:a187dde48cd289ac374ad8539930628314bc581a481cdb41409c9289419ddb72"
   },
   "layers": [
      {
         "mediaType": "application/vnd.docker.image.rootfs.diff.tar.gzip",
         "size": 2803255,
         "digest": "sha256:aad63a9339440e7c3e1fff2b988991b9bfb81280042fa7f39a5e327023056819"
      }
   ]
},"media_type_id":3}, 
 {"id":9,"configuration_id":null,"created_at":"2020-04-15T12:04:28.95584","marked_at":null,"schema_version":2,"digest":"01f8f5ca4728269ef4eecd49db2345a03f8ab9244e049fc2af96f7b422dd6df009","payload":{
   "schemaVersion": 2,
   "mediaType": "application/vnd.docker.distribution.manifest.list.v2+json",
   "manifests": [
      {
         "mediaType": "application/vnd.docker.distribution.manifest.v2+json",
         "size": 528,
         "digest": "sha256:cb8a924afdf0229ef7515d9e5b3024e23b3eb03ddbba287f4a19c6ac90b8d221",
         "platform": {
            "architecture": "amd64",
            "os": "linux"
         }
      },
      {
         "mediaType": "application/vnd.docker.distribution.manifest.v2+json",
         "size": 528,
         "digest": "sha256:597bd5c319cc09d6bb295b4ef23cac50ec7c373fff5fe923cfd246ec09967b31",
         "platform": {
            "architecture": "arm64",
            "os": "linux"
         }
      }
   ]
},"media_type_id":4}, 
 {"id":10,"configuration_id":null,"created_at":"2020-04-15T12:04:28.95584","marked_at":null,"schema_version":1,"digest":"018e1f28640eee7964ed4583b8f969a222c40bbd82afb930027d2f6adeba5a4e4b","payload":{
   "schemaVersion": 1,
   "name": "d-schema1",
   "tag": "latest",
   "architecture": "amd64",
   "fsLayers": [
      {
         "blobSum": "sha256:a3ed95caeb02ffe68cdd9fd84406680ae93d633cb16422d00e8a7c22955b46d4"
      },
      {
         "blobSum": "sha256:e2334dd9fee4b77e48a8f2d793904118a3acf26f1f2e72a3d79c6cae993e07f0"
      }
   ],
   "history": [
      {
         "v1Compatibility": "{\"architecture\":\"amd64\",\"config\":{\"Hostname\":\"\",\"Domainname\":\"\",\"User\":\"\",\"AttachStdin\":false,\"AttachStdout\":false,\"AttachStderr\":false,\"Tty\":false,\"OpenStdin\":false,\"StdinOnce\":false,\"Env\":[\"PATH=/usr/local/sbin:/usr/local/bin:/usr/sbin:/usr/bin:/sbin:/bin\"],\"Cmd\":[\"sh\"],\"ArgsEscaped\":true,\"Image\":\"sha256:b0acc7ebf5092fcdd0fe097448529147e6619bd051f03ccf25b29bcae87e783f\",\"Volumes\":null,\"WorkingDir\":\"\",\"Entrypoint\":null,\"OnBuild\":null,\"Labels\":null},\"container\":\"f7e67f16a539f8bbf53aae18cdb5f8c53e6a56930e7660010d9396ae77f7acfa\",\"container_config\":{\"Hostname\":\"f7e67f16a539\",\"Domainname\":\"\",\"User\":\"\",\"AttachStdin\":false,\"AttachStdout\":false,\"AttachStderr\":false,\"Tty\":false,\"OpenStdin\":false,\"StdinOnce\":false,\"Env\":[\"PATH=/usr/local/sbin:/usr/local/bin:/usr/sbin:/usr/bin:/sbin:/bin\"],\"Cmd\":[\"/bin/sh\",\"-c\",\"#(nop) \",\"CMD [\\\"sh\\\"]\"],\"ArgsEscaped\":true,\"Image\":\"sha256:b0acc7ebf5092fcdd0fe097448529147e6619bd051f03ccf25b29bcae87e783f\",\"Volumes\":null,\"WorkingDir\":\"\",\"Entrypoint\":null,\"OnBuild\":null,\"Labels\":{}},\"created\":\"2020-04-14T19:19:53.590635493Z\",\"docker_version\":\"18.09.7\",\"id\":\"9fe025227098ae424167d958a251947559d8a176b7ef4e7feeb38a16eb337446\",\"os\":\"linux\",\"parent\":\"bd4f6324ef6faaa275ef12c5ba3e48fc0fdf8974230d141b8c0bfcc6ef077a28\",\"throwaway\":true}"
      },
      {
         "v1Compatibility": "{\"id\":\"bd4f6324ef6faaa275ef12c5ba3e48fc0fdf8974230d141b8c0bfcc6ef077a28\",\"created\":\"2020-04-14T19:19:53.444488372Z\",\"container_config\":{\"Cmd\":[\"/bin/sh -c #(nop) ADD file:09a89925137e1b768ef1f0e7d1d7325eb2b4f1a0895b3aa8dfc98b0c75f3f507 in / \"]}}"
      }
   ]
}
,"media_type_id":1}, 
 {"id":11,"configuration_id":9,"created_at":"2020-04-15T12:04:28.95584","marked_at":null,"schema_version":2,"digest":"01cc2f7914532f430d4e5d75b5c855ec4b46feb893bbd2974456f0bf46015b7621","payload":{"schemaVersion":2,"config":{"mediaType":"application/vnd.cncf.helm.config.v1+json","digest":"sha256:cbcce8ad7fdaea54f60aeef01f57f2f46f67382b5d391d63d2b55f536195935a","size":139},"layers":[{"mediaType":"application/tar+gzip","digest":"sha256:50723273cfd47a0e6222d64e993b1bd1bb97f84b4e0d1336bc0e24596c72b631","size":1371}]},"media_type_id":17}, 
 {"id":12,"configuration_id":10,"created_at":"2020-04-15T12:04:28.95584","marked_at":null,"schema_version":2,"digest":"01673315e9c0cad797587b6bc0c1e2b9a1903c15b521f26acc5364fcf034c0cfbd","payload":{
   "schemaVersion": 2,
   "mediaType": "application/vnd.docker.distribution.manifest.v2+json",
   "config": {
      "mediaType": "application/vnd.docker.container.image.v1+json",
      "size": 2049,
      "digest": "sha256:b265c63feef2db2365adab2b8f9cfdc4f8fef20f623a2c171bc3ef4d61779c91"
   },
   "layers": [
      {
         "mediaType": "application/vnd.docker.image.rootfs.diff.tar.gzip",
         "size": 2802957,
         "digest": "sha256:c9b1b535fdd91a9855fb7f82348177e5f019329a58c53c47272962dd60f71fc9"
      },
      {
         "mediaType": "application/vnd.docker.image.rootfs.diff.tar.gzip",
         "size": 149,
         "digest": "sha256:38927b8c2bae0bb9f6782a3fd7a22496f7f6dd8612c8bb5f30ab8b42edb75e76"
      },
      {
         "mediaType": "application/vnd.docker.image.rootfs.diff.tar.gzip",
         "size": 524679,
         "digest": "sha256:a2fb90fbbeba5363762b4daf4a4d9a925e5a18a58f8cb1571d2e33c2ffc6b437"
      },
      {
         "mediaType": "application/vnd.docker.image.rootfs.diff.tar.gzip",
         "size": 163,
         "digest": "sha256:924c56d4299dfd204bb44564604124e503d6a6f7c15cba4d444ad569012ffab9"
      }
   ]
},"media_type_id":3}, 
 {"id":13,"configuration_id":11,"created_at":"2020-04-15T12:04:28.95584","marked_at":null,"schema_version":2,"digest":"01a848997f1caa7406fa148e184820f1ff55076eb3e5b33a8c09d1bb34cf335e7e","payload":{
   "schemaVersion": 2,
   "mediaType": "application/vnd.docker.distribution.manifest.v2+json",
   "config": {
      "mediaType": "application/vnd.docker.container.image.v1+json",
      "size": 2049,
      "digest": "sha256:3ef776e71635d79e5b6b8b6317b3adeda3b0c8aca61c4537678cc02eab466b17"
   },
   "layers": [
      {
         "mediaType": "application/vnd.docker.image.rootfs.diff.tar.gzip",
         "size": 2802957,
         "digest": "sha256:c9b1b535fdd91a9855fb7f82348177e5f019329a58c53c47272962dd60f71fc9"
      },
      {
         "mediaType": "application/vnd.docker.image.rootfs.diff.tar.gzip",
         "size": 149,
         "digest": "sha256:a50d1d359d8caefdca616daf1cd30f9e07c7bcfbfcdc37ced801ba341ab8e9e5"
      },
      {
         "mediaType": "application/vnd.docker.image.rootfs.diff.tar.gzip",
         "size": 524671,
         "digest": "sha256:75543ad505259af72704dd911f8ec2cddc01ce9abc79345afbbdb1b7778a6310"
      },
      {
         "mediaType": "application/vnd.docker.image.rootfs.diff.tar.gzip",
         "size": 164,
         "digest": "sha256:e2d30fbdb0781e04de442a7c3eca67d997e5c87da3bd4286c274cc6c4ec707c7"
      }
   ]
},"media_type_id":3}]