[{"id":1,"created_at":"2020-04-15T12:04:28.95584","updated_at":null,"name":"f-dangling-manifests"}, 
 {"id":2,"created_at":"2020-04-15T12:04:28.95584","updated_at":null,"name":"a-simple"}, 
 {"id":3,"created_at":"2020-04-15T12:04:28.95584","updated_at":null,"name":"b-nested"}, 
 {"id":6,"created_at":"2020-04-15T12:04:28.95584","updated_at":null,"name":"c-manifest-list"}, 
 {"id":7,"created_at":"2020-04-15T12:04:28.95584","updated_at":null,"name":"d-schema1"}, 
 {"id":8,"created_at":"2020-04-15T12:04:28.95584","updated_at":null,"name":"e-helm"}]