[{"id":7,"namespace_id":5,"repository_id":8,"manifest_id":7,"digest":"\\x01a187dde48cd289ac374ad8539930628314bc581a481cdb41409c9289419ddb72"}, 
 {"id":8,"namespace_id":7,"repository_id":10,"manifest_id":9,"digest":"\\x01cbcce8ad7fdaea54f60aeef01f57f2f46f67382b5d391d63d2b55f536195935a"}, 
 {"id":3,"namespace_id":2,"repository_id":4,"manifest_id":3,"digest":"\\x01c59f425529b7d5d3fb646a0a5288878d27a16fee361d86ab89d3be36c1e6e560"}, 
 {"id":6,"namespace_id":5,"repository_id":8,"manifest_id":6,"digest":"\\x012ee122dcc32de080998a9e1ab8665445f621cd323d3ce6bdea2b8a58a921f312"}, 
 {"id":1,"namespace_id":1,"repository_id":1,"manifest_id":1,"digest":"\\x01be5888e67be651f1fbb59006f0fd791b44ed3fceaa6323ab4e37d5928874345a"}, 
 {"id":2,"namespace_id":2,"repository_id":2,"manifest_id":2,"digest":"\\x015c5637d8a82384db15453cd807664167553ad6dd5c261438a0e93e279b2dbb68"}, 
 {"id":4,"namespace_id":2,"repository_id":4,"manifest_id":4,"digest":"\\x01631bf69df08e11fff62ae65c901ba312618056a197b8e44a8c8b5a14e19599f2"}, 
 {"id":5,"namespace_id":2,"repository_id":7,"manifest_id":5,"digest":"\\x01ca0b6709748d024a67c502558ea88dc8a1f8a858d380f5ddafa1504126a3b018"}, 
 {"id":9,"namespace_id":8,"repository_id":11,"manifest_id":10,"digest":"\\x01b265c63feef2db2365adab2b8f9cfdc4f8fef20f623a2c171bc3ef4d61779c91"}, 
 {"id":10,"namespace_id":8,"repository_id":11,"manifest_id":11,"digest":"\\x013ef776e71635d79e5b6b8b6317b3adeda3b0c8aca61c4537678cc02eab466b17"}, 
 {"id":11,"namespace_id":8,"repository_id":11,"manifest_id":12,"digest":"\\x01bda9e8f07268fe2c2e97833c721102739f7d6ff9401b7f03aaec176e772bbd8b"}]