[{"id":1,"manifest_id":1,"blob_digest":"\\x01e2334dd9fee4b77e48a8f2d793904118a3acf26f1f2e72a3d79c6cae993e07f0","created_at":"2020-04-15T12:04:28.95584"}, 
 {"id":2,"manifest_id":2,"blob_digest":"\\x01aad63a9339440e7c3e1fff2b988991b9bfb81280042fa7f39a5e327023056819","created_at":"2020-04-15T12:04:28.95584"}, 
 {"id":3,"manifest_id":2,"blob_digest":"\\x01541cb024bf66c36eab08a7896d96ba1e929b45e33b9242d912e4c982a8e6d2c8","created_at":"2020-04-15T12:04:28.95584"}, 
 {"id":4,"manifest_id":2,"blob_digest":"\\x01270420c343f3239793a3aa2928f17b524d4061b0d21d3f634b9ccaca25eba02d","created_at":"2020-04-15T12:04:28.95584"}, 
 {"id":5,"manifest_id":2,"blob_digest":"\\x018dd6c66eb1b07a8ca5d7a27c0e926ff8381c20cdf6dac0ac7fa2d76b836f2f27","created_at":"2020-04-15T12:04:28.95584"}, 
 {"id":6,"manifest_id":2,"blob_digest":"\\x01782d2f0df1b37094da78776a309bad2e7eef366d5d9b8c08b40daf5dbd7f236f","created_at":"2020-04-15T12:04:28.95584"}, 
 {"id":7,"manifest_id":2,"blob_digest":"\\x01b0648f46f4c9ee1f6a17e7b78cd9b265d9eeb6f6fb12cd24d8ed89e66b569b31","created_at":"2020-04-15T12:04:28.95584"}, 
 {"id":8,"manifest_id":3,"blob_digest":"\\x01aad63a9339440e7c3e1fff2b988991b9bfb81280042fa7f39a5e327023056819","created_at":"2020-04-15T12:04:28.95584"}, 
 {"id":9,"manifest_id":3,"blob_digest":"\\x01541cb024bf66c36eab08a7896d96ba1e929b45e33b9242d912e4c982a8e6d2c8","created_at":"2020-04-15T12:04:28.95584"}, 
 {"id":10,"manifest_id":3,"blob_digest":"\\x01270420c343f3239793a3aa2928f17b524d4061b0d21d3f634b9ccaca25eba02d","created_at":"2020-04-15T12:04:28.95584"}, 
 {"id":11,"manifest_id":3,"blob_digest":"\\x01eb793112d4077f146a27ba841424de424e659fa019b2528709d10fe58d2b7218","created_at":"2020-04-15T12:04:28.95584"}, 
 {"id":12,"manifest_id":3,"blob_digest":"\\x01d800150424402c2d3c7002f4291741de85dfb4cacc7ac87dda88a7af750e198c","created_at":"2020-04-15T12:04:28.95584"}, 
 {"id":13,"manifest_id":3,"blob_digest":"\\x01de8942d49ac9c76729cb5eacea126b7ade803035bfff2e026bb63683f53e353c","created_at":"2020-04-15T12:04:28.95584"}, 
 {"id":14,"manifest_id":4,"blob_digest":"\\x01e7c96db7181be991f19a9fb6975cdbbd73c65f4a2681348e63a141a2192a5f10","created_at":"2020-04-15T12:04:28.95584"}, 
 {"id":15,"manifest_id":4,"blob_digest":"\\x01b8af38234db8796d645ec9541647315cdae2830b8f7c477b618feabbeee672cc","created_at":"2020-04-15T12:04:28.95584"}, 
 {"id":16,"manifest_id":4,"blob_digest":"\\x01c7b5e96879e00e980373ed29b9088020ea3d931c156252c1aae326b86a6775d4","created_at":"2020-04-15T12:04:28.95584"}, 
 {"id":17,"manifest_id":4,"blob_digest":"\\x01bd01e7204bc2e6511d76700eae62c49824b429140735ce33c26ec5cf7cd2fd08","created_at":"2020-04-15T12:04:28.95584"}, 
 {"id":18,"manifest_id":4,"blob_digest":"\\x013250e649335b95bc1de7ab27c52ca193d65d443aebb81d0b41a93c3cebcd8fe1","created_at":"2020-04-15T12:04:28.95584"}, 
 {"id":19,"manifest_id":4,"blob_digest":"\\x01df4e8d78e015de17d85dccd54bb6fcae57e89d1840062fc71b8f6cf97d34be64","created_at":"2020-04-15T12:04:28.95584"}, 
 {"id":20,"manifest_id":5,"blob_digest":"\\x01ff3a5c916c92643ff77519ffa742d3ec61b7f591b6b7504599d95a4a41134e28","created_at":"2020-04-15T12:04:28.95584"}, 
 {"id":21,"manifest_id":5,"blob_digest":"\\x01aae70a2e60279ffae89150a59b81fe10d1d81f341ef6f31b9714ea6cc3418577","created_at":"2020-04-15T12:04:28.95584"}, 
 {"id":22,"manifest_id":5,"blob_digest":"\\x0187c655da471c9a7d8f946ec7b04a6a72a98ae8c1734bddf4b950861b5638fe20","created_at":"2020-04-15T12:04:28.95584"}, 
 {"id":23,"manifest_id":5,"blob_digest":"\\x01bc3141806bdc4b83ac744c622a094557530eb0806035fd282d94a12c445403c5","created_at":"2020-04-15T12:04:28.95584"}, 
 {"id":24,"manifest_id":5,"blob_digest":"\\x0153616fb426d99f5067684c6302e7f05774538757388a5425bfad9b261e106f08","created_at":"2020-04-15T12:04:28.95584"}, 
 {"id":25,"manifest_id":5,"blob_digest":"\\x019791c5883c6a7a073f047dabfb3ed6b47e24ac016d7f51bbe16f06acafaeb6ee","created_at":"2020-04-15T12:04:28.95584"}, 
 {"id":26,"manifest_id":6,"blob_digest":"\\x018a0637ca1ac98db4cf29f7632449c92801adc80cf0da2cd9c9e39882ce466561","created_at":"2020-04-15T12:04:28.95584"}, 
 {"id":27,"manifest_id":7,"blob_digest":"\\x01aad63a9339440e7c3e1fff2b988991b9bfb81280042fa7f39a5e327023056819","created_at":"2020-04-15T12:04:28.95584"}, 
 {"id":30,"manifest_id":9,"blob_digest":"\\x01a3ed95caeb02ffe68cdd9fd84406680ae93d633cb16422d00e8a7c22955b46d4","created_at":"2020-04-15T12:04:28.95584"}, 
 {"id":31,"manifest_id":9,"blob_digest":"\\x01e2334dd9fee4b77e48a8f2d793904118a3acf26f1f2e72a3d79c6cae993e07f0","created_at":"2020-04-15T12:04:28.95584"}, 
 {"id":32,"manifest_id":10,"blob_digest":"\\x0150723273cfd47a0e6222d64e993b1bd1bb97f84b4e0d1336bc0e24596c72b631","created_at":"2020-04-15T12:04:28.95584"}, 
 {"id":33,"manifest_id":11,"blob_digest":"\\x01c9b1b535fdd91a9855fb7f82348177e5f019329a58c53c47272962dd60f71fc9","created_at":"2020-04-15T12:04:28.95584"}, 
 {"id":34,"manifest_id":11,"blob_digest":"\\x0138927b8c2bae0bb9f6782a3fd7a22496f7f6dd8612c8bb5f30ab8b42edb75e76","created_at":"2020-04-15T12:04:28.95584"}, 
 {"id":35,"manifest_id":11,"blob_digest":"\\x01a2fb90fbbeba5363762b4daf4a4d9a925e5a18a58f8cb1571d2e33c2ffc6b437","created_at":"2020-04-15T12:04:28.95584"}, 
 {"id":36,"manifest_id":11,"blob_digest":"\\x01924c56d4299dfd204bb44564604124e503d6a6f7c15cba4d444ad569012ffab9","created_at":"2020-04-15T12:04:28.95584"}, 
 {"id":37,"manifest_id":12,"blob_digest":"\\x01c9b1b535fdd91a9855fb7f82348177e5f019329a58c53c47272962dd60f71fc9","created_at":"2020-04-15T12:04:28.95584"}, 
 {"id":38,"manifest_id":12,"blob_digest":"\\x01a50d1d359d8caefdca616daf1cd30f9e07c7bcfbfcdc37ced801ba341ab8e9e5","created_at":"2020-04-15T12:04:28.95584"}, 
 {"id":39,"manifest_id":12,"blob_digest":"\\x0175543ad505259af72704dd911f8ec2cddc01ce9abc79345afbbdb1b7778a6310","created_at":"2020-04-15T12:04:28.95584"}, 
 {"id":40,"manifest_id":12,"blob_digest":"\\x01e2d30fbdb0781e04de442a7c3eca67d997e5c87da3bd4286c274cc6c4ec707c7","created_at":"2020-04-15T12:04:28.95584"}, 
 {"id":41,"manifest_id":13,"blob_digest":"\\x01c9b1b535fdd91a9855fb7f82348177e5f019329a58c53c47272962dd60f71fc9","created_at":"2020-04-15T12:04:28.95584"}, 
 {"id":42,"manifest_id":13,"blob_digest":"\\x015042ef227578477784ce48d26f549739d919223ca9a511efb2be091cd6e7c957","created_at":"2020-04-15T12:04:28.95584"}, 
 {"id":43,"manifest_id":13,"blob_digest":"\\x01ba44d9d3f13a26d49ec4e53f8b69092d61c7f7fd9d4abd07ae086d96958fdb13","created_at":"2020-04-15T12:04:28.95584"}, 
 {"id":44,"manifest_id":13,"blob_digest":"\\x0104f2d9b76105721fac9b03445f164e585457002aa69a36f84bda78e848e48ebe","created_at":"2020-04-15T12:04:28.95584"}]