[{"id":2,"namespace_id":2,"repository_id":2,"manifest_id":2,"digest":"\\x015bf7e666f3bfafec8cff97aa016bb4a0dc0c28afe1ff9c7e2e378fe26fab4496"}, 
 {"id":1,"namespace_id":1,"repository_id":1,"manifest_id":1,"digest":"\\x016f4117ed8635e6471c5ff36628deea3c2f0fccf48b49db065d6ba3553683ab68"}]