[{"created_at":"2020-04-15T12:04:28.95584","digest":"\\x01d6f886d01b04c5e1903a69a231aeb5b428a6506e402659e4bd8c71d1a0eb1880"}, 
 {"created_at":"2020-04-15T12:04:28.95584","digest":"\\x011ce375ca3e57c1b8bb063983029481ef4c9c2353ae29cba937f247c32ad4a3ed"}]