[{"id":1,"namespace_id":1,"repository_id":1,"created_at":"2020-04-15T12:04:28.95584","blob_digest":"\\x016f4117ed8635e6471c5ff36628deea3c2f0fccf48b49db065d6ba3553683ab68"}, 
 {"id":2,"namespace_id":1,"repository_id":1,"created_at":"2020-04-15T12:04:28.95584","blob_digest":"\\x01c9b1b535fdd91a9855fb7f82348177e5f019329a58c53c47272962dd60f71fc9"}, 
 {"id":3,"namespace_id":1,"repository_id":1,"created_at":"2020-04-15T12:04:28.95584","blob_digest":"\\x016c9cf366d2f626f0e9eb4e117a30af03db9ef1475c309812b4c910ff76c15a24"}, 
 {"id":4,"namespace_id":1,"repository_id":1,"created_at":"2020-04-15T12:04:28.95584","blob_digest":"\\x01fb094262eb9a11e4a671a12e804a8163f4940ddc5063df28a2286f64b60ab9c2"}, 
 {"id":5,"namespace_id":1,"repository_id":1,"created_at":"2020-04-15T12:04:28.95584","blob_digest":"\\x0140b343b3cc61d0a2899217d67477cc4ac198828bf524b7df8a0ece57b61dbc3a"}, 
 {"id":6,"namespace_id":2,"repository_id":2,"created_at":"2020-04-15T12:04:28.95584","blob_digest":"\\x015bf7e666f3bfafec8cff97aa016bb4a0dc0c28afe1ff9c7e2e378fe26fab4496"}, 
 {"id":7,"namespace_id":2,"repository_id":2,"created_at":"2020-04-15T12:04:28.95584","blob_digest":"\\x01c9b1b535fdd91a9855fb7f82348177e5f019329a58c53c47272962dd60f71fc9"}, 
 {"id":8,"namespace_id":2,"repository_id":2,"created_at":"2020-04-15T12:04:28.95584","blob_digest":"\\x01981e5c9ba315938a17d40e31dedddce8504d3d94cd4b19e4f3affec4a84b1627"}, 
 {"id":9,"namespace_id":2,"repository_id":2,"created_at":"2020-04-15T12:04:28.95584","blob_digest":"\\x01eab74ca84b16bfde2ba4a6fb1ca55c8e72b56506bd9e9ae581983fc26a3737e4"}, 
 {"id":10,"namespace_id":2,"repository_id":2,"created_at":"2020-04-15T12:04:28.95584","blob_digest":"\\x01d6298784fe0c508e90b65d63b5be2f99bace532da6f151959ac4903f017f48f4"}]