[{"id":1,"namespace_id":1,"parent_id":null,"created_at":"2020-04-15T12:04:28.95584","updated_at":null,"name":"a-happy","path":"a-happy"}, 
 {"id":2,"namespace_id":2,"parent_id":null,"created_at":"2020-04-15T12:04:28.95584","updated_at":null,"name":"b-happy","path":"b-happy"}]