[{"id":1,"blob_digest":"\\x01bda9e8f07268fe2c2e97833c721102739f7d6ff9401b7f03aaec176e772bbd8b","created_at":"2020-04-15T12:04:28.95584","payload":{"architecture":"amd64","config":{"Hostname":"","Domainname":"","User":"","AttachStdin":false,"AttachStdout":false,"AttachStderr":false,"Tty":false,"OpenStdin":false,"StdinOnce":false,"Env":["PATH=/usr/local/sbin:/usr/local/bin:/usr/sbin:/usr/bin:/sbin:/bin"],"Cmd":["/bin/sh"],"ArgsEscaped":true,"Image":"sha256:9d6b6d46491e1405e1b7203140a29800e3b134db3cc539f29b7a4636dd1d8286","Volumes":null,"WorkingDir":"","Entrypoint":null,"OnBuild":null,"Labels":null},"container":"7399108be765ff6baec06f1645ec97e95dc99f9640e579b307da5148b877224f","container_config":{"Hostname":"","Domainname":"","User":"","AttachStdin":false,"AttachStdout":false,"AttachStderr":false,"Tty":false,"OpenStdin":false,"StdinOnce":false,"Env":["PATH=/usr/local/sbin:/usr/local/bin:/usr/sbin:/usr/bin:/sbin:/bin"],"Cmd":["/bin/sh","-c","date '+%s' \u003e /root/test/date.txt"],"Image":"sha256:9d6b6d46491e1405e1b7203140a29800e3b134db3cc539f29b7a4636dd1d8286","Volumes":null,"WorkingDir":"","Entrypoint":null,"OnBuild":null,"Labels":null},"created":"2020-08-24T23:01:30.585662893Z","docker_version":"19.03.12","history":[{"created":"2020-01-18T01:19:37.02673981Z","created_by":"/bin/sh -c #(nop) ADD file:e69d441d729412d24675dcd33e04580885df99981cec43de8c9b24015313ff8e in / "},{"created":"2020-01-18T01:19:37.187497623Z","created_by":"/bin/sh -c #(nop)  CMD [\"/bin/sh\"]","empty_layer":true},{"created":"2020-08-24T23:01:29.10717021Z","created_by":"/bin/sh -c mkdir -p /root/test/"},{"created":"2020-08-24T23:01:29.797630922Z","created_by":"/bin/sh -c head -c 524288 \u003c/dev/urandom \u003e /root/test/randfile.txt"},{"created":"2020-08-24T23:01:30.585662893Z","created_by":"/bin/sh -c date '+%s' \u003e /root/test/date.txt"}],"os":"linux","rootfs":{"type":"layers","diff_ids":["sha256:5216338b40a7b96416b8b9858974bbe4acc3096ee60acbc4dfb1ee02aecceb10","sha256:33a35dd1887305f24f8c37b10e568cd7761652bf9bc8e8915ae896f45bf472de","sha256:df1f7117a5b99687e61ac677473d91fa86ed401f83f9be6944d4464b9211b909","sha256:c8c7a284da6ac23da3d33edb505224646cbabb9bf7c2accaaca121e930ad581f"]}}}]