[{"id":1,"manifest_id":1,"size":2802957,"created_at":"2020-04-15T12:04:28.95584","media_type_id":6,"digest":"\\x01c9b1b535fdd91a9855fb7f82348177e5f019329a58c53c47272962dd60f71fc9"}, 
 {"id":2,"manifest_id":1,"size":149,"created_at":"2020-04-15T12:04:28.95584","media_type_id":6,"digest":"\\x015042ef227578477784ce48d26f549739d919223ca9a511efb2be091cd6e7c957"}, 
 {"id":3,"manifest_id":1,"size":524674,"created_at":"2020-04-15T12:04:28.95584","media_type_id":6,"digest":"\\x01ba44d9d3f13a26d49ec4e53f8b69092d61c7f7fd9d4abd07ae086d96958fdb13"}, 
 {"id":4,"manifest_id":1,"size":164,"created_at":"2020-04-15T12:04:28.95584","media_type_id":6,"digest":"\\x0104f2d9b76105721fac9b03445f164e585457002aa69a36f84bda78e848e48ebe"}]