[{"id":1,"repository_id":1,"created_at":"2020-04-15T12:04:28.95584","schema_version":2,"digest":"01efdb07f074a5cfb25547c0cf1ddac509a10ec9eb15e565584988c913ccaa344a","payload":{
   "schemaVersion": 2,
   "mediaType": "application/vnd.docker.distribution.manifest.v2+json",
   "config": {
      "mediaType": "application/vnd.docker.container.image.v1+json",
      "size": 2048,
      "digest": "sha256:bda9e8f07268fe2c2e97833c721102739f7d6ff9401b7f03aaec176e772bbd8b"
   },
   "layers": [
      {
         "mediaType": "application/vnd.docker.image.rootfs.diff.tar.gzip",
         "size": 2802957,
         "digest": "sha256:c9b1b535fdd91a9855fb7f82348177e5f019329a58c53c47272962dd60f71fc9"
      },
      {
         "mediaType": "application/vnd.docker.image.rootfs.diff.tar.gzip",
         "size": 149,
         "digest": "sha256:5042ef227578477784ce48d26f549739d919223ca9a511efb2be091cd6e7c957"
      },
      {
         "mediaType": "application/vnd.docker.image.rootfs.diff.tar.gzip",
         "size": 524674,
         "digest": "sha256:ba44d9d3f13a26d49ec4e53f8b69092d61c7f7fd9d4abd07ae086d96958fdb13"
      },
      {
         "mediaType": "application/vnd.docker.image.rootfs.diff.tar.gzip",
         "size": 164,
         "digest": "sha256:04f2d9b76105721fac9b03445f164e585457002aa69a36f84bda78e848e48ebe"
      }
   ]
},"media_type_id":3,"configuration_media_type_id":8,"configuration_payload":{"architecture":"amd64","config":{"Hostname":"","Domainname":"","User":"","AttachStdin":false,"AttachStdout":false,"AttachStderr":false,"Tty":false,"OpenStdin":false,"StdinOnce":false,"Env":["PATH=/usr/local/sbin:/usr/local/bin:/usr/sbin:/usr/bin:/sbin:/bin"],"Cmd":["/bin/sh"],"ArgsEscaped":true,"Image":"sha256:9d6b6d46491e1405e1b7203140a29800e3b134db3cc539f29b7a4636dd1d8286","Volumes":null,"WorkingDir":"","Entrypoint":null,"OnBuild":null,"Labels":null},"container":"7399108be765ff6baec06f1645ec97e95dc99f9640e579b307da5148b877224f","container_config":{"Hostname":"","Domainname":"","User":"","AttachStdin":false,"AttachStdout":false,"AttachStderr":false,"Tty":false,"OpenStdin":false,"StdinOnce":false,"Env":["PATH=/usr/local/sbin:/usr/local/bin:/usr/sbin:/usr/bin:/sbin:/bin"],"Cmd":["/bin/sh","-c","date '+%s' \u003e /root/test/date.txt"],"Image":"sha256:9d6b6d46491e1405e1b7203140a29800e3b134db3cc539f29b7a4636dd1d8286","Volumes":null,"WorkingDir":"","Entrypoint":null,"OnBuild":null,"Labels":null},"created":"2020-08-24T23:01:30.585662893Z","docker_version":"19.03.12","history":[{"created":"2020-01-18T01:19:37.02673981Z","created_by":"/bin/sh -c #(nop) ADD file:e69d441d729412d24675dcd33e04580885df99981cec43de8c9b24015313ff8e in / "},{"created":"2020-01-18T01:19:37.187497623Z","created_by":"/bin/sh -c #(nop)  CMD [\"/bin/sh\"]","empty_layer":true},{"created":"2020-08-24T23:01:29.10717021Z","created_by":"/bin/sh -c mkdir -p /root/test/"},{"created":"2020-08-24T23:01:29.797630922Z","created_by":"/bin/sh -c head -c 524288 \u003c/dev/urandom \u003e /root/test/randfile.txt"},{"created":"2020-08-24T23:01:30.585662893Z","created_by":"/bin/sh -c date '+%s' \u003e /root/test/date.txt"}],"os":"linux","rootfs":{"type":"layers","diff_ids":["sha256:5216338b40a7b96416b8b9858974bbe4acc3096ee60acbc4dfb1ee02aecceb10","sha256:33a35dd1887305f24f8c37b10e568cd7761652bf9bc8e8915ae896f45bf472de","sha256:df1f7117a5b99687e61ac677473d91fa86ed401f83f9be6944d4464b9211b909","sha256:c8c7a284da6ac23da3d33edb505224646cbabb9bf7c2accaaca121e930ad581f"]}},"configuration_blob_digest":"01bda9e8f07268fe2c2e97833c721102739f7d6ff9401b7f03aaec176e772bbd8b"}]