[{"id":1,"repository_id":1,"created_at":"2020-04-15T12:04:28.95584","blob_digest":"\\x01bda9e8f07268fe2c2e97833c721102739f7d6ff9401b7f03aaec176e772bbd8b"}, 
 {"id":2,"repository_id":1,"created_at":"2020-04-15T12:04:28.95584","blob_digest":"\\x01c9b1b535fdd91a9855fb7f82348177e5f019329a58c53c47272962dd60f71fc9"}, 
 {"id":3,"repository_id":1,"created_at":"2020-04-15T12:04:28.95584","blob_digest":"\\x015042ef227578477784ce48d26f549739d919223ca9a511efb2be091cd6e7c957"}, 
 {"id":4,"repository_id":1,"created_at":"2020-04-15T12:04:28.95584","blob_digest":"\\x01ba44d9d3f13a26d49ec4e53f8b69092d61c7f7fd9d4abd07ae086d96958fdb13"}, 
 {"id":5,"repository_id":1,"created_at":"2020-04-15T12:04:28.95584","blob_digest":"\\x0104f2d9b76105721fac9b03445f164e585457002aa69a36f84bda78e848e48ebe"}]