[{"id":1,"top_level_namespace_id":1,"repository_id":2,"manifest_id":1,"size":2803255,"created_at":"2020-04-15T12:04:28.95584","media_type_id":6,"digest":"\\x01aad63a9339440e7c3e1fff2b988991b9bfb81280042fa7f39a5e327023056819"}, 
 {"id":2,"top_level_namespace_id":1,"repository_id":2,"manifest_id":1,"size":1228,"created_at":"2020-04-15T12:04:28.95584","media_type_id":6,"digest":"\\x01541cb024bf66c36eab08a7896d96ba1e929b45e33b9242d912e4c982a8e6d2c8"}, 
 {"id":3,"top_level_namespace_id":1,"repository_id":2,"manifest_id":1,"size":402572,"created_at":"2020-04-15T12:04:28.95584","media_type_id":6,"digest":"\\x01270420c343f3239793a3aa2928f17b524d4061b0d21d3f634b9ccaca25eba02d"}, 
 {"id":4,"top_level_namespace_id":1,"repository_id":2,"manifest_id":1,"size":4501173,"created_at":"2020-04-15T12:04:28.95584","media_type_id":6,"digest":"\\x01eb793112d4077f146a27ba841424de424e659fa019b2528709d10fe58d2b7218"}, 
 {"id":5,"top_level_namespace_id":1,"repository_id":2,"manifest_id":1,"size":99,"created_at":"2020-04-15T12:04:28.95584","media_type_id":6,"digest":"\\x01d800150424402c2d3c7002f4291741de85dfb4cacc7ac87dda88a7af750e198c"}, 
 {"id":6,"top_level_namespace_id":1,"repository_id":2,"manifest_id":1,"size":414,"created_at":"2020-04-15T12:04:28.95584","media_type_id":6,"digest":"\\x01de8942d49ac9c76729cb5eacea126b7ade803035bfff2e026bb63683f53e353c"}, 
 {"id":7,"top_level_namespace_id":1,"repository_id":2,"manifest_id":2,"size":2757034,"created_at":"2020-04-15T12:04:28.95584","media_type_id":6,"digest":"\\x01e7c96db7181be991f19a9fb6975cdbbd73c65f4a2681348e63a141a2192a5f10"}, 
 {"id":8,"top_level_namespace_id":1,"repository_id":2,"manifest_id":2,"size":1253,"created_at":"2020-04-15T12:04:28.95584","media_type_id":6,"digest":"\\x01b8af38234db8796d645ec9541647315cdae2830b8f7c477b618feabbeee672cc"}, 
 {"id":9,"top_level_namespace_id":1,"repository_id":2,"manifest_id":2,"size":403836,"created_at":"2020-04-15T12:04:28.95584","media_type_id":6,"digest":"\\x01c7b5e96879e00e980373ed29b9088020ea3d931c156252c1aae326b86a6775d4"}, 
 {"id":10,"top_level_namespace_id":1,"repository_id":2,"manifest_id":2,"size":14604899,"created_at":"2020-04-15T12:04:28.95584","media_type_id":6,"digest":"\\x01bd01e7204bc2e6511d76700eae62c49824b429140735ce33c26ec5cf7cd2fd08"}, 
 {"id":11,"top_level_namespace_id":1,"repository_id":2,"manifest_id":2,"size":98,"created_at":"2020-04-15T12:04:28.95584","media_type_id":6,"digest":"\\x013250e649335b95bc1de7ab27c52ca193d65d443aebb81d0b41a93c3cebcd8fe1"}, 
 {"id":12,"top_level_namespace_id":1,"repository_id":2,"manifest_id":2,"size":413,"created_at":"2020-04-15T12:04:28.95584","media_type_id":6,"digest":"\\x01df4e8d78e015de17d85dccd54bb6fcae57e89d1840062fc71b8f6cf97d34be64"}]