[{"id":1,"configuration_id":1,"created_at":"2020-04-15T12:04:28.95584","marked_at":null,"schema_version":2,"digest":"0118e31fe73a142c094fedbcdac27973233f82e5c9ef7b10386991deffd47caded","payload":{
   "schemaVersion": 2,
   "mediaType": "application/vnd.docker.distribution.manifest.v2+json",
   "config": {
      "mediaType": "application/vnd.docker.container.image.v1+json",
      "size": 5532,
      "digest": "sha256:c59f425529b7d5d3fb646a0a5288878d27a16fee361d86ab89d3be36c1e6e560"
   },
   "layers": [
      {
         "mediaType": "application/vnd.docker.image.rootfs.diff.tar.gzip",
         "size": 2803255,
         "digest": "sha256:aad63a9339440e7c3e1fff2b988991b9bfb81280042fa7f39a5e327023056819"
      },
      {
         "mediaType": "application/vnd.docker.image.rootfs.diff.tar.gzip",
         "size": 1228,
         "digest": "sha256:541cb024bf66c36eab08a7896d96ba1e929b45e33b9242d912e4c982a8e6d2c8"
      },
      {
         "mediaType": "application/vnd.docker.image.rootfs.diff.tar.gzip",
         "size": 402572,
         "digest": "sha256:270420c343f3239793a3aa2928f17b524d4061b0d21d3f634b9ccaca25eba02d"
      },
      {
         "mediaType": "application/vnd.docker.image.rootfs.diff.tar.gzip",
         "size": 4501173,
         "digest": "sha256:eb793112d4077f146a27ba841424de424e659fa019b2528709d10fe58d2b7218"
      },
      {
         "mediaType": "application/vnd.docker.image.rootfs.diff.tar.gzip",
         "size": 99,
         "digest": "sha256:d800150424402c2d3c7002f4291741de85dfb4cacc7ac87dda88a7af750e198c"
      },
      {
         "mediaType": "application/vnd.docker.image.rootfs.diff.tar.gzip",
         "size": 414,
         "digest": "sha256:de8942d49ac9c76729cb5eacea126b7ade803035bfff2e026bb63683f53e353c"
      }
   ]
},"media_type_id":3}, 
 {"id":2,"configuration_id":2,"created_at":"2020-04-15T12:04:28.95584","marked_at":null,"schema_version":2,"digest":"018205a681aa6eea2b0c27249894def02a14ff2cbe9fc78e83d62ad04d1180deb9","payload":{
   "schemaVersion": 2,
   "mediaType": "application/vnd.docker.distribution.manifest.v2+json",
   "config": {
      "mediaType": "application/vnd.docker.container.image.v1+json",
      "size": 5101,
      "digest": "sha256:631bf69df08e11fff62ae65c901ba312618056a197b8e44a8c8b5a14e19599f2"
   },
   "layers": [
      {
         "mediaType": "application/vnd.docker.image.rootfs.diff.tar.gzip",
         "size": 2757034,
         "digest": "sha256:e7c96db7181be991f19a9fb6975cdbbd73c65f4a2681348e63a141a2192a5f10"
      },
      {
         "mediaType": "application/vnd.docker.image.rootfs.diff.tar.gzip",
         "size": 1253,
         "digest": "sha256:b8af38234db8796d645ec9541647315cdae2830b8f7c477b618feabbeee672cc"
      },
      {
         "mediaType": "application/vnd.docker.image.rootfs.diff.tar.gzip",
         "size": 403836,
         "digest": "sha256:c7b5e96879e00e980373ed29b9088020ea3d931c156252c1aae326b86a6775d4"
      },
      {
         "mediaType": "application/vnd.docker.image.rootfs.diff.tar.gzip",
         "size": 14604899,
         "digest": "sha256:bd01e7204bc2e6511d76700eae62c49824b429140735ce33c26ec5cf7cd2fd08"
      },
      {
         "mediaType": "application/vnd.docker.image.rootfs.diff.tar.gzip",
         "size": 98,
         "digest": "sha256:3250e649335b95bc1de7ab27c52ca193d65d443aebb81d0b41a93c3cebcd8fe1"
      },
      {
         "mediaType": "application/vnd.docker.image.rootfs.diff.tar.gzip",
         "size": 413,
         "digest": "sha256:df4e8d78e015de17d85dccd54bb6fcae57e89d1840062fc71b8f6cf97d34be64"
      }
   ]
},"media_type_id":3}]