[{"id":1,"namespace_id":1,"repository_id":2,"created_at":"2020-04-15T12:04:28.95584","blob_digest":"\\x01c59f425529b7d5d3fb646a0a5288878d27a16fee361d86ab89d3be36c1e6e560"}, 
 {"id":2,"namespace_id":1,"repository_id":2,"created_at":"2020-04-15T12:04:28.95584","blob_digest":"\\x01aad63a9339440e7c3e1fff2b988991b9bfb81280042fa7f39a5e327023056819"}, 
 {"id":3,"namespace_id":1,"repository_id":2,"created_at":"2020-04-15T12:04:28.95584","blob_digest":"\\x01541cb024bf66c36eab08a7896d96ba1e929b45e33b9242d912e4c982a8e6d2c8"}, 
 {"id":4,"namespace_id":1,"repository_id":2,"created_at":"2020-04-15T12:04:28.95584","blob_digest":"\\x01270420c343f3239793a3aa2928f17b524d4061b0d21d3f634b9ccaca25eba02d"}, 
 {"id":5,"namespace_id":1,"repository_id":2,"created_at":"2020-04-15T12:04:28.95584","blob_digest":"\\x01eb793112d4077f146a27ba841424de424e659fa019b2528709d10fe58d2b7218"}, 
 {"id":6,"namespace_id":1,"repository_id":2,"created_at":"2020-04-15T12:04:28.95584","blob_digest":"\\x01d800150424402c2d3c7002f4291741de85dfb4cacc7ac87dda88a7af750e198c"}, 
 {"id":7,"namespace_id":1,"repository_id":2,"created_at":"2020-04-15T12:04:28.95584","blob_digest":"\\x01de8942d49ac9c76729cb5eacea126b7ade803035bfff2e026bb63683f53e353c"}, 
 {"id":8,"namespace_id":1,"repository_id":2,"created_at":"2020-04-15T12:04:28.95584","blob_digest":"\\x01631bf69df08e11fff62ae65c901ba312618056a197b8e44a8c8b5a14e19599f2"}, 
 {"id":9,"namespace_id":1,"repository_id":2,"created_at":"2020-04-15T12:04:28.95584","blob_digest":"\\x01e7c96db7181be991f19a9fb6975cdbbd73c65f4a2681348e63a141a2192a5f10"}, 
 {"id":10,"namespace_id":1,"repository_id":2,"created_at":"2020-04-15T12:04:28.95584","blob_digest":"\\x01b8af38234db8796d645ec9541647315cdae2830b8f7c477b618feabbeee672cc"}, 
 {"id":11,"namespace_id":1,"repository_id":2,"created_at":"2020-04-15T12:04:28.95584","blob_digest":"\\x01c7b5e96879e00e980373ed29b9088020ea3d931c156252c1aae326b86a6775d4"}, 
 {"id":12,"namespace_id":1,"repository_id":2,"created_at":"2020-04-15T12:04:28.95584","blob_digest":"\\x01bd01e7204bc2e6511d76700eae62c49824b429140735ce33c26ec5cf7cd2fd08"}, 
 {"id":13,"namespace_id":1,"repository_id":2,"created_at":"2020-04-15T12:04:28.95584","blob_digest":"\\x013250e649335b95bc1de7ab27c52ca193d65d443aebb81d0b41a93c3cebcd8fe1"}, 
 {"id":14,"namespace_id":1,"repository_id":2,"created_at":"2020-04-15T12:04:28.95584","blob_digest":"\\x01df4e8d78e015de17d85dccd54bb6fcae57e89d1840062fc71b8f6cf97d34be64"}]