[{"id":1,"top_level_namespace_id":1,"repository_id":2,"manifest_id":1,"created_at":"2020-04-15T12:04:28.95584","updated_at":null,"name":"4.0.14-alpine"}, 
 {"id":2,"top_level_namespace_id":1,"repository_id":2,"manifest_id":2,"created_at":"2020-04-15T12:04:28.95584","updated_at":null,"name":"5.0.4-alpine"}]