[{"id":1,"top_level_namespace_id":1,"repository_id":1,"manifest_id":1,"digest":"\\x01bda9e8f07268fe2c2e97833c721102739f7d6ff9401b7f03aaec176e772bbd8b"}]