[{"created_at":"2020-04-15T12:04:28.95584","digest":"\\x01efdb07f074a5cfb25547c0cf1ddac509a10ec9eb15e565584988c913ccaa344a"}]