[{"id":1,"top_level_namespace_id":1,"parent_id":null,"created_at":"2020-04-15T12:04:28.95584","updated_at":null,"name":"f-dangling-manifests","path":"f-dangling-manifests"}]