[{"id":1,"size":1494,"created_at":"2020-04-15T12:04:28.95584","marked_at":null,"digest_algorithm":1,"digest_hex":"\\xbe5888e67be651f1fbb59006f0fd791b44ed3fceaa6323ab4e37d5928874345a","media_type":"application/vnd.docker.container.image.v1+json"}, 
 {"id":2,"size":760854,"created_at":"2020-04-15T12:04:28.95584","marked_at":null,"digest_algorithm":1,"digest_hex":"\\xe2334dd9fee4b77e48a8f2d793904118a3acf26f1f2e72a3d79c6cae993e07f0","media_type":"application/vnd.docker.image.rootfs.diff.tar.gzip"}, 
 {"id":3,"size":5528,"created_at":"2020-04-15T12:04:28.95584","marked_at":null,"digest_algorithm":1,"digest_hex":"\\x5c5637d8a82384db15453cd807664167553ad6dd5c261438a0e93e279b2dbb68","media_type":"application/vnd.docker.container.image.v1+json"}, 
 {"id":4,"size":2803255,"created_at":"2020-04-15T12:04:28.95584","marked_at":null,"digest_algorithm":1,"digest_hex":"\\xaad63a9339440e7c3e1fff2b988991b9bfb81280042fa7f39a5e327023056819","media_type":"application/vnd.docker.image.rootfs.diff.tar.gzip"}, 
 {"id":5,"size":1228,"created_at":"2020-04-15T12:04:28.95584","marked_at":null,"digest_algorithm":1,"digest_hex":"\\x541cb024bf66c36eab08a7896d96ba1e929b45e33b9242d912e4c982a8e6d2c8","media_type":"application/vnd.docker.image.rootfs.diff.tar.gzip"}, 
 {"id":6,"size":402572,"created_at":"2020-04-15T12:04:28.95584","marked_at":null,"digest_algorithm":1,"digest_hex":"\\x270420c343f3239793a3aa2928f17b524d4061b0d21d3f634b9ccaca25eba02d","media_type":"application/vnd.docker.image.rootfs.diff.tar.gzip"}, 
 {"id":7,"size":6781145,"created_at":"2020-04-15T12:04:28.95584","marked_at":null,"digest_algorithm":1,"digest_hex":"\\x8dd6c66eb1b07a8ca5d7a27c0e926ff8381c20cdf6dac0ac7fa2d76b836f2f27","media_type":"application/vnd.docker.image.rootfs.diff.tar.gzip"}, 
 {"id":8,"size":99,"created_at":"2020-04-15T12:04:28.95584","marked_at":null,"digest_algorithm":1,"digest_hex":"\\x782d2f0df1b37094da78776a309bad2e7eef366d5d9b8c08b40daf5dbd7f236f","media_type":"application/vnd.docker.image.rootfs.diff.tar.gzip"}, 
 {"id":9,"size":412,"created_at":"2020-04-15T12:04:28.95584","marked_at":null,"digest_algorithm":1,"digest_hex":"\\xb0648f46f4c9ee1f6a17e7b78cd9b265d9eeb6f6fb12cd24d8ed89e66b569b31","media_type":"application/vnd.docker.image.rootfs.diff.tar.gzip"}, 
 {"id":10,"size":5532,"created_at":"2020-04-15T12:04:28.95584","marked_at":null,"digest_algorithm":1,"digest_hex":"\\xc59f425529b7d5d3fb646a0a5288878d27a16fee361d86ab89d3be36c1e6e560","media_type":"application/vnd.docker.container.image.v1+json"}, 
 {"id":11,"size":4501173,"created_at":"2020-04-15T12:04:28.95584","marked_at":null,"digest_algorithm":1,"digest_hex":"\\xeb793112d4077f146a27ba841424de424e659fa019b2528709d10fe58d2b7218","media_type":"application/vnd.docker.image.rootfs.diff.tar.gzip"}, 
 {"id":12,"size":99,"created_at":"2020-04-15T12:04:28.95584","marked_at":null,"digest_algorithm":1,"digest_hex":"\\xd800150424402c2d3c7002f4291741de85dfb4cacc7ac87dda88a7af750e198c","media_type":"application/vnd.docker.image.rootfs.diff.tar.gzip"}, 
 {"id":13,"size":414,"created_at":"2020-04-15T12:04:28.95584","marked_at":null,"digest_algorithm":1,"digest_hex":"\\xde8942d49ac9c76729cb5eacea126b7ade803035bfff2e026bb63683f53e353c","media_type":"application/vnd.docker.image.rootfs.diff.tar.gzip"}, 
 {"id":14,"size":5101,"created_at":"2020-04-15T12:04:28.95584","marked_at":null,"digest_algorithm":1,"digest_hex":"\\x631bf69df08e11fff62ae65c901ba312618056a197b8e44a8c8b5a14e19599f2","media_type":"application/vnd.docker.container.image.v1+json"}, 
 {"id":15,"size":2757034,"created_at":"2020-04-15T12:04:28.95584","marked_at":null,"digest_algorithm":1,"digest_hex":"\\xe7c96db7181be991f19a9fb6975cdbbd73c65f4a2681348e63a141a2192a5f10","media_type":"application/vnd.docker.image.rootfs.diff.tar.gzip"}, 
 {"id":16,"size":1253,"created_at":"2020-04-15T12:04:28.95584","marked_at":null,"digest_algorithm":1,"digest_hex":"\\xb8af38234db8796d645ec9541647315cdae2830b8f7c477b618feabbeee672cc","media_type":"application/vnd.docker.image.rootfs.diff.tar.gzip"}, 
 {"id":17,"size":403836,"created_at":"2020-04-15T12:04:28.95584","marked_at":null,"digest_algorithm":1,"digest_hex":"\\xc7b5e96879e00e980373ed29b9088020ea3d931c156252c1aae326b86a6775d4","media_type":"application/vnd.docker.image.rootfs.diff.tar.gzip"}, 
 {"id":18,"size":14604899,"created_at":"2020-04-15T12:04:28.95584","marked_at":null,"digest_algorithm":1,"digest_hex":"\\xbd01e7204bc2e6511d76700eae62c49824b429140735ce33c26ec5cf7cd2fd08","media_type":"application/vnd.docker.image.rootfs.diff.tar.gzip"}, 
 {"id":19,"size":98,"created_at":"2020-04-15T12:04:28.95584","marked_at":null,"digest_algorithm":1,"digest_hex":"\\x3250e649335b95bc1de7ab27c52ca193d65d443aebb81d0b41a93c3cebcd8fe1","media_type":"application/vnd.docker.image.rootfs.diff.tar.gzip"}, 
 {"id":20,"size":413,"created_at":"2020-04-15T12:04:28.95584","marked_at":null,"digest_algorithm":1,"digest_hex":"\\xdf4e8d78e015de17d85dccd54bb6fcae57e89d1840062fc71b8f6cf97d34be64","media_type":"application/vnd.docker.image.rootfs.diff.tar.gzip"}, 
 {"id":21,"size":5108,"created_at":"2020-04-15T12:04:28.95584","marked_at":null,"digest_algorithm":1,"digest_hex":"\\xca0b6709748d024a67c502558ea88dc8a1f8a858d380f5ddafa1504126a3b018","media_type":"application/vnd.docker.container.image.v1+json"}, 
 {"id":22,"size":2065537,"created_at":"2020-04-15T12:04:28.95584","marked_at":null,"digest_algorithm":1,"digest_hex":"\\xff3a5c916c92643ff77519ffa742d3ec61b7f591b6b7504599d95a4a41134e28","media_type":"application/vnd.docker.image.rootfs.diff.tar.gzip"}, 
 {"id":23,"size":1252,"created_at":"2020-04-15T12:04:28.95584","marked_at":null,"digest_algorithm":1,"digest_hex":"\\xaae70a2e60279ffae89150a59b81fe10d1d81f341ef6f31b9714ea6cc3418577","media_type":"application/vnd.docker.image.rootfs.diff.tar.gzip"}, 
 {"id":24,"size":8554,"created_at":"2020-04-15T12:04:28.95584","marked_at":null,"digest_algorithm":1,"digest_hex":"\\x87c655da471c9a7d8f946ec7b04a6a72a98ae8c1734bddf4b950861b5638fe20","media_type":"application/vnd.docker.image.rootfs.diff.tar.gzip"}, 
 {"id":25,"size":5887815,"created_at":"2020-04-15T12:04:28.95584","marked_at":null,"digest_algorithm":1,"digest_hex":"\\xbc3141806bdc4b83ac744c622a094557530eb0806035fd282d94a12c445403c5","media_type":"application/vnd.docker.image.rootfs.diff.tar.gzip"}, 
 {"id":26,"size":98,"created_at":"2020-04-15T12:04:28.95584","marked_at":null,"digest_algorithm":1,"digest_hex":"\\x53616fb426d99f5067684c6302e7f05774538757388a5425bfad9b261e106f08","media_type":"application/vnd.docker.image.rootfs.diff.tar.gzip"}, 
 {"id":27,"size":397,"created_at":"2020-04-15T12:04:28.95584","marked_at":null,"digest_algorithm":1,"digest_hex":"\\x9791c5883c6a7a073f047dabfb3ed6b47e24ac016d7f51bbe16f06acafaeb6ee","media_type":"application/vnd.docker.image.rootfs.diff.tar.gzip"}, 
 {"id":28,"size":1509,"created_at":"2020-04-15T12:04:28.95584","marked_at":null,"digest_algorithm":1,"digest_hex":"\\x2ee122dcc32de080998a9e1ab8665445f621cd323d3ce6bdea2b8a58a921f312","media_type":"application/vnd.docker.container.image.v1+json"}, 
 {"id":29,"size":2723139,"created_at":"2020-04-15T12:04:28.95584","marked_at":null,"digest_algorithm":1,"digest_hex":"\\x8a0637ca1ac98db4cf29f7632449c92801adc80cf0da2cd9c9e39882ce466561","media_type":"application/vnd.docker.image.rootfs.diff.tar.gzip"}, 
 {"id":30,"size":1509,"created_at":"2020-04-15T12:04:28.95584","marked_at":null,"digest_algorithm":1,"digest_hex":"\\xa187dde48cd289ac374ad8539930628314bc581a481cdb41409c9289419ddb72","media_type":"application/vnd.docker.container.image.v1+json"}, 
 {"id":31,"size":6,"created_at":"2020-04-15T12:04:28.95584","marked_at":null,"digest_algorithm":1,"digest_hex":"\\xa3ed95caeb02ffe68cdd9fd84406680ae93d633cb16422d00e8a7c22955b46d4","media_type":"application/octet-stream"}, 
 {"id":32,"size":139,"created_at":"2020-04-15T12:04:28.95584","marked_at":null,"digest_algorithm":1,"digest_hex":"\\xcbcce8ad7fdaea54f60aeef01f57f2f46f67382b5d391d63d2b55f536195935a","media_type":"application/vnd.cncf.helm.config.v1+json"}, 
 {"id":33,"size":1371,"created_at":"2020-04-15T12:04:28.95584","marked_at":null,"digest_algorithm":1,"digest_hex":"\\x50723273cfd47a0e6222d64e993b1bd1bb97f84b4e0d1336bc0e24596c72b631","media_type":"application/tar+gzip"}]