[{"id":1,"blob_digest":"\\x01c59f425529b7d5d3fb646a0a5288878d27a16fee361d86ab89d3be36c1e6e560","created_at":"2020-04-15T12:04:28.95584","payload":{"architecture":"amd64","config":{"Hostname":"","Domainname":"","User":"","AttachStdin":false,"AttachStdout":false,"AttachStderr":false,"ExposedPorts":{"6379/tcp":{}},"Tty":false,"OpenStdin":false,"StdinOnce":false,"Env":["PATH=/usr/local/sbin:/usr/local/bin:/usr/sbin:/usr/bin:/sbin:/bin","REDIS_VERSION=4.0.14","REDIS_DOWNLOAD_URL=http://download.redis.io/releases/redis-4.0.14.tar.gz","REDIS_DOWNLOAD_SHA=1e1e18420a86cfb285933123b04a82e1ebda20bfb0a289472745a087587e93a7"],"Cmd":["redis-server"],"ArgsEscaped":true,"Image":"sha256:65e0eab145ea3df4a4cc9bc2f08c0ede791bc1d65b210a5359618007b0b6d8e9","Volumes":{"/data":{}},"WorkingDir":"/data","Entrypoint":["docker-entrypoint.sh"],"OnBuild":null,"Labels":null},"container":"81f11db016a0dd3ec947c5fa8f8f4c52a72f9e582e8364f6c4ead301ba94dd60","container_config":{"Hostname":"81f11db016a0","Domainname":"","User":"","AttachStdin":false,"AttachStdout":false,"AttachStderr":false,"ExposedPorts":{"6379/tcp":{}},"Tty":false,"OpenStdin":false,"StdinOnce":false,"Env":["PATH=/usr/local/sbin:/usr/local/bin:/usr/sbin:/usr/bin:/sbin:/bin","REDIS_VERSION=4.0.14","REDIS_DOWNLOAD_URL=http://download.redis.io/releases/redis-4.0.14.tar.gz","REDIS_DOWNLOAD_SHA=1e1e18420a86cfb285933123b04a82e1ebda20bfb0a289472745a087587e93a7"],"Cmd":["/bin/sh","-c","#(nop) ","CMD [\"redis-server\"]"],"ArgsEscaped":true,"Image":"sha256:65e0eab145ea3df4a4cc9bc2f08c0ede791bc1d65b210a5359618007b0b6d8e9","Volumes":{"/data":{}},"WorkingDir":"/data","Entrypoint":["docker-entrypoint.sh"],"OnBuild":null,"Labels":{}},"created":"2020-03-24T00:53:36.48646124Z","docker_version":"18.09.7","history":[{"created":"2020-03-23T21:19:34.027725872Z","created_by":"/bin/sh -c #(nop) ADD file:0c4555f363c2672e350001f1293e689875a3760afe7b3f9146886afe67121cba in / "},{"created":"2020-03-23T21:19:34.196162891Z","created_by":"/bin/sh -c #(nop)  CMD [\"/bin/sh\"]","empty_layer":true},{"created":"2020-03-24T00:49:58.642637457Z","created_by":"/bin/sh -c addgroup -S -g 1000 redis \u0026\u0026 adduser -S -G redis -u 999 redis"},{"created":"2020-03-24T00:49:59.878878083Z","created_by":"/bin/sh -c apk add --no-cache \t\t'su-exec\u003e=0.2' \t\ttzdata"},{"created":"2020-03-24T00:53:01.203081664Z","created_by":"/bin/sh -c #(nop)  ENV REDIS_VERSION=4.0.14","empty_layer":true},{"created":"2020-03-24T00:53:01.409019557Z","created_by":"/bin/sh -c #(nop)  ENV REDIS_DOWNLOAD_URL=http://download.redis.io/releases/redis-4.0.14.tar.gz","empty_layer":true},{"created":"2020-03-24T00:53:01.598823196Z","created_by":"/bin/sh -c #(nop)  ENV REDIS_DOWNLOAD_SHA=1e1e18420a86cfb285933123b04a82e1ebda20bfb0a289472745a087587e93a7","empty_layer":true},{"created":"2020-03-24T00:53:34.412554596Z","created_by":"/bin/sh -c set -eux; \t\tapk add --no-cache --virtual .build-deps \t\tcoreutils \t\tgcc \t\tlinux-headers \t\tmake \t\tmusl-dev \t\topenssl-dev \t; \t\twget -O redis.tar.gz \"$REDIS_DOWNLOAD_URL\"; \techo \"$REDIS_DOWNLOAD_SHA *redis.tar.gz\" | sha256sum -c -; \tmkdir -p /usr/src/redis; \ttar -xzf redis.tar.gz -C /usr/src/redis --strip-components=1; \trm redis.tar.gz; \t\tgrep -q '^#define CONFIG_DEFAULT_PROTECTED_MODE 1$' /usr/src/redis/src/server.h; \tsed -ri 's!^(#define CONFIG_DEFAULT_PROTECTED_MODE) 1$!\\1 0!' /usr/src/redis/src/server.h; \tgrep -q '^#define CONFIG_DEFAULT_PROTECTED_MODE 0$' /usr/src/redis/src/server.h; \t\tmake -C /usr/src/redis -j \"$(nproc)\" all; \tmake -C /usr/src/redis install; \t\tserverMd5=\"$(md5sum /usr/local/bin/redis-server | cut -d' ' -f1)\"; export serverMd5; \tfind /usr/local/bin/redis* -maxdepth 0 \t\t-type f -not -name redis-server \t\t-exec sh -eux -c ' \t\t\tmd5=\"$(md5sum \"$1\" | cut -d\" \" -f1)\"; \t\t\ttest \"$md5\" = \"$serverMd5\"; \t\t' -- '{}' ';' \t\t-exec ln -svfT 'redis-server' '{}' ';' \t; \t\trm -r /usr/src/redis; \t\trunDeps=\"$( \t\tscanelf --needed --nobanner --format '%n#p' --recursive /usr/local \t\t\t| tr ',' '\\n' \t\t\t| sort -u \t\t\t| awk 'system(\"[ -e /usr/local/lib/\" $1 \" ]\") == 0 { next } { print \"so:\" $1 }' \t)\"; \tapk add --no-network --virtual .redis-rundeps $runDeps; \tapk del --no-network .build-deps; \t\tredis-cli --version; \tredis-server --version"},{"created":"2020-03-24T00:53:35.219227357Z","created_by":"/bin/sh -c mkdir /data \u0026\u0026 chown redis:redis /data"},{"created":"2020-03-24T00:53:35.427328104Z","created_by":"/bin/sh -c #(nop)  VOLUME [/data]","empty_layer":true},{"created":"2020-03-24T00:53:35.651172162Z","created_by":"/bin/sh -c #(nop) WORKDIR /data","empty_layer":true},{"created":"2020-03-24T00:53:35.927395676Z","created_by":"/bin/sh -c #(nop) COPY file:c48b97ea65422782310396358f838c38c0747767dd606a88d4c3d0b034a60762 in /usr/local/bin/ "},{"created":"2020-03-24T00:53:36.114454222Z","created_by":"/bin/sh -c #(nop)  ENTRYPOINT [\"docker-entrypoint.sh\"]","empty_layer":true},{"created":"2020-03-24T00:53:36.298359539Z","created_by":"/bin/sh -c #(nop)  EXPOSE 6379","empty_layer":true},{"created":"2020-03-24T00:53:36.48646124Z","created_by":"/bin/sh -c #(nop)  CMD [\"redis-server\"]","empty_layer":true}],"os":"linux","rootfs":{"type":"layers","diff_ids":["sha256:beee9f30bc1f711043e78d4a2be0668955d4b761d587d6f60c2c8dc081efb203","sha256:bc5a81440134d738e909891494d42f7262a4e4cf8cc73293c28a654d3ba146cc","sha256:5212569ac346b490d48eb23f5511cf0f0303728d21f2d60677f8bd5a84a11460","sha256:692bf7906cbbb647e7381216bb5e1d708ca2a05998cbfccca6def4c3f6a9fccd","sha256:068ccc121d6dd4c0bb03dcd3b3793b39b2fa63ffcf606540f14f01856d345417","sha256:baf6c482be2e888923e7201e56ed111c019f47e84a05ed08824b7d8d03338038"]}}}, 
 {"id":2,"blob_digest":"\\x01631bf69df08e11fff62ae65c901ba312618056a197b8e44a8c8b5a14e19599f2","created_at":"2020-04-15T12:04:28.95584","payload":{"architecture":"amd64","config":{"Hostname":"","Domainname":"","User":"","AttachStdin":false,"AttachStdout":false,"AttachStderr":false,"ExposedPorts":{"6379/tcp":{}},"Tty":false,"OpenStdin":false,"StdinOnce":false,"Env":["PATH=/usr/local/sbin:/usr/local/bin:/usr/sbin:/usr/bin:/sbin:/bin","REDIS_VERSION=5.0.4","REDIS_DOWNLOAD_URL=http://download.redis.io/releases/redis-5.0.4.tar.gz","REDIS_DOWNLOAD_SHA=3ce9ceff5a23f60913e1573f6dfcd4aa53b42d4a2789e28fa53ec2bd28c987dd"],"Cmd":["redis-server"],"ArgsEscaped":true,"Image":"sha256:afd44981e4a33a0068bd0260a0b8660b176745913522faca906da83f8d076361","Volumes":{"/data":{}},"WorkingDir":"/data","Entrypoint":["docker-entrypoint.sh"],"OnBuild":null,"Labels":null},"container":"d13ca3f830f16e37485b0199dfeaf12a856c55348c0242b5ab40068b1fc21b5b","container_config":{"Hostname":"d13ca3f830f1","Domainname":"","User":"","AttachStdin":false,"AttachStdout":false,"AttachStderr":false,"ExposedPorts":{"6379/tcp":{}},"Tty":false,"OpenStdin":false,"StdinOnce":false,"Env":["PATH=/usr/local/sbin:/usr/local/bin:/usr/sbin:/usr/bin:/sbin:/bin","REDIS_VERSION=5.0.4","REDIS_DOWNLOAD_URL=http://download.redis.io/releases/redis-5.0.4.tar.gz","REDIS_DOWNLOAD_SHA=3ce9ceff5a23f60913e1573f6dfcd4aa53b42d4a2789e28fa53ec2bd28c987dd"],"Cmd":["/bin/sh","-c","#(nop) ","CMD [\"redis-server\"]"],"ArgsEscaped":true,"Image":"sha256:afd44981e4a33a0068bd0260a0b8660b176745913522faca906da83f8d076361","Volumes":{"/data":{}},"WorkingDir":"/data","Entrypoint":["docker-entrypoint.sh"],"OnBuild":null,"Labels":{}},"created":"2019-05-11T01:45:46.435430289Z","docker_version":"18.06.1-ce","history":[{"created":"2019-05-11T00:07:03.358250803Z","created_by":"/bin/sh -c #(nop) ADD file:a86aea1f3a7d68f6ae03397b99ea77f2e9ee901c5c59e59f76f93adbb4035913 in / "},{"created":"2019-05-11T00:07:03.510395965Z","created_by":"/bin/sh -c #(nop)  CMD [\"/bin/sh\"]","empty_layer":true},{"created":"2019-05-11T01:43:50.557549768Z","created_by":"/bin/sh -c addgroup -S redis \u0026\u0026 adduser -S -G redis redis"},{"created":"2019-05-11T01:43:52.363434171Z","created_by":"/bin/sh -c apk add --no-cache \t\t'su-exec\u003e=0.2' \t\ttzdata"},{"created":"2019-05-11T01:43:52.634259015Z","created_by":"/bin/sh -c #(nop)  ENV REDIS_VERSION=5.0.4","empty_layer":true},{"created":"2019-05-11T01:43:52.892396849Z","created_by":"/bin/sh -c #(nop)  ENV REDIS_DOWNLOAD_URL=http://download.redis.io/releases/redis-5.0.4.tar.gz","empty_layer":true},{"created":"2019-05-11T01:43:53.141670384Z","created_by":"/bin/sh -c #(nop)  ENV REDIS_DOWNLOAD_SHA=3ce9ceff5a23f60913e1573f6dfcd4aa53b42d4a2789e28fa53ec2bd28c987dd","empty_layer":true},{"created":"2019-05-11T01:45:43.65725451Z","created_by":"/bin/sh -c set -ex; \t\tapk add --no-cache --virtual .build-deps \t\tcoreutils \t\tgcc \t\tlinux-headers \t\tmake \t\tmusl-dev \t; \t\twget -O redis.tar.gz \"$REDIS_DOWNLOAD_URL\"; \techo \"$REDIS_DOWNLOAD_SHA *redis.tar.gz\" | sha256sum -c -; \tmkdir -p /usr/src/redis; \ttar -xzf redis.tar.gz -C /usr/src/redis --strip-components=1; \trm redis.tar.gz; \t\tgrep -q '^#define CONFIG_DEFAULT_PROTECTED_MODE 1$' /usr/src/redis/src/server.h; \tsed -ri 's!^(#define CONFIG_DEFAULT_PROTECTED_MODE) 1$!\\1 0!' /usr/src/redis/src/server.h; \tgrep -q '^#define CONFIG_DEFAULT_PROTECTED_MODE 0$' /usr/src/redis/src/server.h; \t\tmake -C /usr/src/redis -j \"$(nproc)\"; \tmake -C /usr/src/redis install; \t\trm -r /usr/src/redis; \t\trunDeps=\"$( \t\tscanelf --needed --nobanner --format '%n#p' --recursive /usr/local \t\t\t| tr ',' '\\n' \t\t\t| sort -u \t\t\t| awk 'system(\"[ -e /usr/local/lib/\" $1 \" ]\") == 0 { next } { print \"so:\" $1 }' \t)\"; \tapk add --virtual .redis-rundeps $runDeps; \tapk del .build-deps; \t\tredis-server --version"},{"created":"2019-05-11T01:45:44.828575719Z","created_by":"/bin/sh -c mkdir /data \u0026\u0026 chown redis:redis /data"},{"created":"2019-05-11T01:45:45.088129767Z","created_by":"/bin/sh -c #(nop)  VOLUME [/data]","empty_layer":true},{"created":"2019-05-11T01:45:45.378882889Z","created_by":"/bin/sh -c #(nop) WORKDIR /data","empty_layer":true},{"created":"2019-05-11T01:45:45.680073648Z","created_by":"/bin/sh -c #(nop) COPY file:c48b97ea65422782310396358f838c38c0747767dd606a88d4c3d0b034a60762 in /usr/local/bin/ "},{"created":"2019-05-11T01:45:45.935940011Z","created_by":"/bin/sh -c #(nop)  ENTRYPOINT [\"docker-entrypoint.sh\"]","empty_layer":true},{"created":"2019-05-11T01:45:46.199969099Z","created_by":"/bin/sh -c #(nop)  EXPOSE 6379","empty_layer":true},{"created":"2019-05-11T01:45:46.435430289Z","created_by":"/bin/sh -c #(nop)  CMD [\"redis-server\"]","empty_layer":true}],"os":"linux","rootfs":{"type":"layers","diff_ids":["sha256:f1b5933fe4b5f49bbe8258745cf396afe07e625bdab3168e364daf7c956b6b81","sha256:90e3352930da8147d972640e45c377d5e58d081045cb0530de0659147f737f3a","sha256:7e18d8bb6e4f591d542308c3842225e983c274dcf613ad48486a51318a654b93","sha256:e486a972764a47e432dc271c24ff602b0b10c1ab4a5ca855b9f242d5dd0372e5","sha256:100fb4a660e12f057f29d11878fb3301f15a0d72eec236286e4a8ac5eeba371b","sha256:88eee37ac3ee0aa58d71db7c4722bf22700afe163e52fe83ae86f74a5e8de425"]}}}]