[{"created_at":"2020-04-15T12:04:28.95584","digest":"\\x0118e31fe73a142c094fedbcdac27973233f82e5c9ef7b10386991deffd47caded"}, 
 {"created_at":"2020-04-15T12:04:28.95584","digest":"\\x018205a681aa6eea2b0c27249894def02a14ff2cbe9fc78e83d62ad04d1180deb9"}]