[{"id":1,"manifest_id":1,"blob_id":1,"created_at":"2020-04-15T12:04:28.95584"}, 
 {"id":2,"manifest_id":2,"blob_id":2,"created_at":"2020-04-15T12:04:28.95584"}, 
 {"id":3,"manifest_id":2,"blob_id":3,"created_at":"2020-04-15T12:04:28.95584"}, 
 {"id":4,"manifest_id":2,"blob_id":4,"created_at":"2020-04-15T12:04:28.95584"}, 
 {"id":5,"manifest_id":2,"blob_id":5,"created_at":"2020-04-15T12:04:28.95584"}, 
 {"id":6,"manifest_id":2,"blob_id":6,"created_at":"2020-04-15T12:04:28.95584"}, 
 {"id":7,"manifest_id":2,"blob_id":7,"created_at":"2020-04-15T12:04:28.95584"}, 
 {"id":8,"manifest_id":3,"blob_id":2,"created_at":"2020-04-15T12:04:28.95584"}, 
 {"id":9,"manifest_id":3,"blob_id":3,"created_at":"2020-04-15T12:04:28.95584"}, 
 {"id":10,"manifest_id":3,"blob_id":4,"created_at":"2020-04-15T12:04:28.95584"}, 
 {"id":11,"manifest_id":3,"blob_id":8,"created_at":"2020-04-15T12:04:28.95584"}, 
 {"id":12,"manifest_id":3,"blob_id":9,"created_at":"2020-04-15T12:04:28.95584"}, 
 {"id":13,"manifest_id":3,"blob_id":10,"created_at":"2020-04-15T12:04:28.95584"}, 
 {"id":14,"manifest_id":4,"blob_id":11,"created_at":"2020-04-15T12:04:28.95584"}, 
 {"id":15,"manifest_id":4,"blob_id":12,"created_at":"2020-04-15T12:04:28.95584"}, 
 {"id":16,"manifest_id":4,"blob_id":13,"created_at":"2020-04-15T12:04:28.95584"}, 
 {"id":17,"manifest_id":4,"blob_id":14,"created_at":"2020-04-15T12:04:28.95584"}, 
 {"id":18,"manifest_id":4,"blob_id":15,"created_at":"2020-04-15T12:04:28.95584"}, 
 {"id":19,"manifest_id":4,"blob_id":16,"created_at":"2020-04-15T12:04:28.95584"}, 
 {"id":20,"manifest_id":5,"blob_id":17,"created_at":"2020-04-15T12:04:28.95584"}, 
 {"id":21,"manifest_id":5,"blob_id":18,"created_at":"2020-04-15T12:04:28.95584"}, 
 {"id":22,"manifest_id":5,"blob_id":19,"created_at":"2020-04-15T12:04:28.95584"}, 
 {"id":23,"manifest_id":5,"blob_id":20,"created_at":"2020-04-15T12:04:28.95584"}, 
 {"id":24,"manifest_id":5,"blob_id":21,"created_at":"2020-04-15T12:04:28.95584"}, 
 {"id":25,"manifest_id":5,"blob_id":22,"created_at":"2020-04-15T12:04:28.95584"}, 
 {"id":26,"manifest_id":6,"blob_id":23,"created_at":"2020-04-15T12:04:28.95584"}, 
 {"id":27,"manifest_id":7,"blob_id":2,"created_at":"2020-04-15T12:04:28.95584"}, 
 {"id":30,"manifest_id":8,"blob_id":24,"created_at":"2020-04-15T12:04:28.95584"}, 
 {"id":31,"manifest_id":8,"blob_id":1,"created_at":"2020-04-15T12:04:28.95584"}, 
 {"id":32,"manifest_id":9,"blob_id":25,"created_at":"2020-04-15T12:04:28.95584"}]