[{"id":1,"manifest_id":1,"size":1494,"created_at":"2020-04-15T12:04:28.95584","digest_hex":"be5888e67be651f1fbb59006f0fd791b44ed3fceaa6323ab4e37d5928874345a","payload":{"architecture":"amd64","config":{"Hostname":"","Domainname":"","User":"","AttachStdin":false,"AttachStdout":false,"AttachStderr":false,"Tty":false,"OpenStdin":false,"StdinOnce":false,"Env":["PATH=/usr/local/sbin:/usr/local/bin:/usr/sbin:/usr/bin:/sbin:/bin"],"Cmd":["sh"],"ArgsEscaped":true,"Image":"sha256:b0acc7ebf5092fcdd0fe097448529147e6619bd051f03ccf25b29bcae87e783f","Volumes":null,"WorkingDir":"","Entrypoint":null,"OnBuild":null,"Labels":null},"container":"f7e67f16a539f8bbf53aae18cdb5f8c53e6a56930e7660010d9396ae77f7acfa","container_config":{"Hostname":"f7e67f16a539","Domainname":"","User":"","AttachStdin":false,"AttachStdout":false,"AttachStderr":false,"Tty":false,"OpenStdin":false,"StdinOnce":false,"Env":["PATH=/usr/local/sbin:/usr/local/bin:/usr/sbin:/usr/bin:/sbin:/bin"],"Cmd":["/bin/sh","-c","#(nop) ","CMD [\"sh\"]"],"ArgsEscaped":true,"Image":"sha256:b0acc7ebf5092fcdd0fe097448529147e6619bd051f03ccf25b29bcae87e783f","Volumes":null,"WorkingDir":"","Entrypoint":null,"OnBuild":null,"Labels":{}},"created":"2020-04-14T19:19:53.590635493Z","docker_version":"18.09.7","history":[{"created":"2020-04-14T19:19:53.444488372Z","created_by":"/bin/sh -c #(nop) ADD file:09a89925137e1b768ef1f0e7d1d7325eb2b4f1a0895b3aa8dfc98b0c75f3f507 in / "},{"created":"2020-04-14T19:19:53.590635493Z","created_by":"/bin/sh -c #(nop)  CMD [\"sh\"]","empty_layer":true}],"os":"linux","rootfs":{"type":"layers","diff_ids":["sha256:5b0d2d635df829f65d0ffb45eab2c3124a470c4f385d6602bda0c21c5248bcab"]}},"media_type":"application/vnd.docker.container.image.v1+json"}, 
 {"id":2,"manifest_id":2,"size":5528,"created_at":"2020-04-15T12:04:28.95584","digest_hex":"5c5637d8a82384db15453cd807664167553ad6dd5c261438a0e93e279b2dbb68","payload":{"architecture":"amd64","config":{"Hostname":"","Domainname":"","User":"","AttachStdin":false,"AttachStdout":false,"AttachStderr":false,"ExposedPorts":{"6379/tcp":{}},"Tty":false,"OpenStdin":false,"StdinOnce":false,"Env":["PATH=/usr/local/sbin:/usr/local/bin:/usr/sbin:/usr/bin:/sbin:/bin","REDIS_VERSION=5.0.8","REDIS_DOWNLOAD_URL=http://download.redis.io/releases/redis-5.0.8.tar.gz","REDIS_DOWNLOAD_SHA=f3c7eac42f433326a8d981b50dba0169fdfaf46abb23fcda2f933a7552ee4ed7"],"Cmd":["redis-server"],"ArgsEscaped":true,"Image":"sha256:48b62076f0b0623482dce9b4414571bc4443aa3a83e4ea820c21eb6c14887c4f","Volumes":{"/data":{}},"WorkingDir":"/data","Entrypoint":["docker-entrypoint.sh"],"OnBuild":null,"Labels":null},"container":"8754014bbafd6868baaf2fb67f9fdbbb0eab785ddf4c85f6d4cfe22cacf395f9","container_config":{"Hostname":"8754014bbafd","Domainname":"","User":"","AttachStdin":false,"AttachStdout":false,"AttachStderr":false,"ExposedPorts":{"6379/tcp":{}},"Tty":false,"OpenStdin":false,"StdinOnce":false,"Env":["PATH=/usr/local/sbin:/usr/local/bin:/usr/sbin:/usr/bin:/sbin:/bin","REDIS_VERSION=5.0.8","REDIS_DOWNLOAD_URL=http://download.redis.io/releases/redis-5.0.8.tar.gz","REDIS_DOWNLOAD_SHA=f3c7eac42f433326a8d981b50dba0169fdfaf46abb23fcda2f933a7552ee4ed7"],"Cmd":["/bin/sh","-c","#(nop) ","CMD [\"redis-server\"]"],"ArgsEscaped":true,"Image":"sha256:48b62076f0b0623482dce9b4414571bc4443aa3a83e4ea820c21eb6c14887c4f","Volumes":{"/data":{}},"WorkingDir":"/data","Entrypoint":["docker-entrypoint.sh"],"OnBuild":null,"Labels":{}},"created":"2020-03-24T00:52:41.475490177Z","docker_version":"18.09.7","history":[{"created":"2020-03-23T21:19:34.027725872Z","created_by":"/bin/sh -c #(nop) ADD file:0c4555f363c2672e350001f1293e689875a3760afe7b3f9146886afe67121cba in / "},{"created":"2020-03-23T21:19:34.196162891Z","created_by":"/bin/sh -c #(nop)  CMD [\"/bin/sh\"]","empty_layer":true},{"created":"2020-03-24T00:49:58.642637457Z","created_by":"/bin/sh -c addgroup -S -g 1000 redis \u0026\u0026 adduser -S -G redis -u 999 redis"},{"created":"2020-03-24T00:49:59.878878083Z","created_by":"/bin/sh -c apk add --no-cache \t\t'su-exec\u003e=0.2' \t\ttzdata"},{"created":"2020-03-24T00:51:34.522903193Z","created_by":"/bin/sh -c #(nop)  ENV REDIS_VERSION=5.0.8","empty_layer":true},{"created":"2020-03-24T00:51:34.722732808Z","created_by":"/bin/sh -c #(nop)  ENV REDIS_DOWNLOAD_URL=http://download.redis.io/releases/redis-5.0.8.tar.gz","empty_layer":true},{"created":"2020-03-24T00:51:34.895137205Z","created_by":"/bin/sh -c #(nop)  ENV REDIS_DOWNLOAD_SHA=f3c7eac42f433326a8d981b50dba0169fdfaf46abb23fcda2f933a7552ee4ed7","empty_layer":true},{"created":"2020-03-24T00:52:39.466203175Z","created_by":"/bin/sh -c set -eux; \t\tapk add --no-cache --virtual .build-deps \t\tcoreutils \t\tgcc \t\tlinux-headers \t\tmake \t\tmusl-dev \t\topenssl-dev \t; \t\twget -O redis.tar.gz \"$REDIS_DOWNLOAD_URL\"; \techo \"$REDIS_DOWNLOAD_SHA *redis.tar.gz\" | sha256sum -c -; \tmkdir -p /usr/src/redis; \ttar -xzf redis.tar.gz -C /usr/src/redis --strip-components=1; \trm redis.tar.gz; \t\tgrep -q '^#define CONFIG_DEFAULT_PROTECTED_MODE 1$' /usr/src/redis/src/server.h; \tsed -ri 's!^(#define CONFIG_DEFAULT_PROTECTED_MODE) 1$!\\1 0!' /usr/src/redis/src/server.h; \tgrep -q '^#define CONFIG_DEFAULT_PROTECTED_MODE 0$' /usr/src/redis/src/server.h; \t\tmake -C /usr/src/redis -j \"$(nproc)\" all; \tmake -C /usr/src/redis install; \t\tserverMd5=\"$(md5sum /usr/local/bin/redis-server | cut -d' ' -f1)\"; export serverMd5; \tfind /usr/local/bin/redis* -maxdepth 0 \t\t-type f -not -name redis-server \t\t-exec sh -eux -c ' \t\t\tmd5=\"$(md5sum \"$1\" | cut -d\" \" -f1)\"; \t\t\ttest \"$md5\" = \"$serverMd5\"; \t\t' -- '{}' ';' \t\t-exec ln -svfT 'redis-server' '{}' ';' \t; \t\trm -r /usr/src/redis; \t\trunDeps=\"$( \t\tscanelf --needed --nobanner --format '%n#p' --recursive /usr/local \t\t\t| tr ',' '\\n' \t\t\t| sort -u \t\t\t| awk 'system(\"[ -e /usr/local/lib/\" $1 \" ]\") == 0 { next } { print \"so:\" $1 }' \t)\"; \tapk add --no-network --virtual .redis-rundeps $runDeps; \tapk del --no-network .build-deps; \t\tredis-cli --version; \tredis-server --version"},{"created":"2020-03-24T00:52:40.272049424Z","created_by":"/bin/sh -c mkdir /data \u0026\u0026 chown redis:redis /data"},{"created":"2020-03-24T00:52:40.475101518Z","created_by":"/bin/sh -c #(nop)  VOLUME [/data]","empty_layer":true},{"created":"2020-03-24T00:52:40.679688345Z","created_by":"/bin/sh -c #(nop) WORKDIR /data","empty_layer":true},{"created":"2020-03-24T00:52:40.903593606Z","created_by":"/bin/sh -c #(nop) COPY file:c48b97ea65422782310396358f838c38c0747767dd606a88d4c3d0b034a60762 in /usr/local/bin/ "},{"created":"2020-03-24T00:52:41.071499209Z","created_by":"/bin/sh -c #(nop)  ENTRYPOINT [\"docker-entrypoint.sh\"]","empty_layer":true},{"created":"2020-03-24T00:52:41.287703391Z","created_by":"/bin/sh -c #(nop)  EXPOSE 6379","empty_layer":true},{"created":"2020-03-24T00:52:41.475490177Z","created_by":"/bin/sh -c #(nop)  CMD [\"redis-server\"]","empty_layer":true}],"os":"linux","rootfs":{"type":"layers","diff_ids":["sha256:beee9f30bc1f711043e78d4a2be0668955d4b761d587d6f60c2c8dc081efb203","sha256:bc5a81440134d738e909891494d42f7262a4e4cf8cc73293c28a654d3ba146cc","sha256:5212569ac346b490d48eb23f5511cf0f0303728d21f2d60677f8bd5a84a11460","sha256:942e9c5e3ec035e2073be487c1d33d7887a403b8e97bf7a005397e8e73cb5d57","sha256:4961798cca421ac19f8ee435ee17047a9a76d2ce613d0eb58fa138aef0a10f3c","sha256:fab4f1d112f4fa06e2dcb24f691c2af76892909f78ea785aff83b0f41904ae31"]}},"media_type":"application/vnd.docker.container.image.v1+json"}, 
 {"id":3,"manifest_id":3,"size":5532,"created_at":"2020-04-15T12:04:28.95584","digest_hex":"c59f425529b7d5d3fb646a0a5288878d27a16fee361d86ab89d3be36c1e6e560","payload":{"architecture":"amd64","config":{"Hostname":"","Domainname":"","User":"","AttachStdin":false,"AttachStdout":false,"AttachStderr":false,"ExposedPorts":{"6379/tcp":{}},"Tty":false,"OpenStdin":false,"StdinOnce":false,"Env":["PATH=/usr/local/sbin:/usr/local/bin:/usr/sbin:/usr/bin:/sbin:/bin","REDIS_VERSION=4.0.14","REDIS_DOWNLOAD_URL=http://download.redis.io/releases/redis-4.0.14.tar.gz","REDIS_DOWNLOAD_SHA=1e1e18420a86cfb285933123b04a82e1ebda20bfb0a289472745a087587e93a7"],"Cmd":["redis-server"],"ArgsEscaped":true,"Image":"sha256:65e0eab145ea3df4a4cc9bc2f08c0ede791bc1d65b210a5359618007b0b6d8e9","Volumes":{"/data":{}},"WorkingDir":"/data","Entrypoint":["docker-entrypoint.sh"],"OnBuild":null,"Labels":null},"container":"81f11db016a0dd3ec947c5fa8f8f4c52a72f9e582e8364f6c4ead301ba94dd60","container_config":{"Hostname":"81f11db016a0","Domainname":"","User":"","AttachStdin":false,"AttachStdout":false,"AttachStderr":false,"ExposedPorts":{"6379/tcp":{}},"Tty":false,"OpenStdin":false,"StdinOnce":false,"Env":["PATH=/usr/local/sbin:/usr/local/bin:/usr/sbin:/usr/bin:/sbin:/bin","REDIS_VERSION=4.0.14","REDIS_DOWNLOAD_URL=http://download.redis.io/releases/redis-4.0.14.tar.gz","REDIS_DOWNLOAD_SHA=1e1e18420a86cfb285933123b04a82e1ebda20bfb0a289472745a087587e93a7"],"Cmd":["/bin/sh","-c","#(nop) ","CMD [\"redis-server\"]"],"ArgsEscaped":true,"Image":"sha256:65e0eab145ea3df4a4cc9bc2f08c0ede791bc1d65b210a5359618007b0b6d8e9","Volumes":{"/data":{}},"WorkingDir":"/data","Entrypoint":["docker-entrypoint.sh"],"OnBuild":null,"Labels":{}},"created":"2020-03-24T00:53:36.48646124Z","docker_version":"18.09.7","history":[{"created":"2020-03-23T21:19:34.027725872Z","created_by":"/bin/sh -c #(nop) ADD file:0c4555f363c2672e350001f1293e689875a3760afe7b3f9146886afe67121cba in / "},{"created":"2020-03-23T21:19:34.196162891Z","created_by":"/bin/sh -c #(nop)  CMD [\"/bin/sh\"]","empty_layer":true},{"created":"2020-03-24T00:49:58.642637457Z","created_by":"/bin/sh -c addgroup -S -g 1000 redis \u0026\u0026 adduser -S -G redis -u 999 redis"},{"created":"2020-03-24T00:49:59.878878083Z","created_by":"/bin/sh -c apk add --no-cache \t\t'su-exec\u003e=0.2' \t\ttzdata"},{"created":"2020-03-24T00:53:01.203081664Z","created_by":"/bin/sh -c #(nop)  ENV REDIS_VERSION=4.0.14","empty_layer":true},{"created":"2020-03-24T00:53:01.409019557Z","created_by":"/bin/sh -c #(nop)  ENV REDIS_DOWNLOAD_URL=http://download.redis.io/releases/redis-4.0.14.tar.gz","empty_layer":true},{"created":"2020-03-24T00:53:01.598823196Z","created_by":"/bin/sh -c #(nop)  ENV REDIS_DOWNLOAD_SHA=1e1e18420a86cfb285933123b04a82e1ebda20bfb0a289472745a087587e93a7","empty_layer":true},{"created":"2020-03-24T00:53:34.412554596Z","created_by":"/bin/sh -c set -eux; \t\tapk add --no-cache --virtual .build-deps \t\tcoreutils \t\tgcc \t\tlinux-headers \t\tmake \t\tmusl-dev \t\topenssl-dev \t; \t\twget -O redis.tar.gz \"$REDIS_DOWNLOAD_URL\"; \techo \"$REDIS_DOWNLOAD_SHA *redis.tar.gz\" | sha256sum -c -; \tmkdir -p /usr/src/redis; \ttar -xzf redis.tar.gz -C /usr/src/redis --strip-components=1; \trm redis.tar.gz; \t\tgrep -q '^#define CONFIG_DEFAULT_PROTECTED_MODE 1$' /usr/src/redis/src/server.h; \tsed -ri 's!^(#define CONFIG_DEFAULT_PROTECTED_MODE) 1$!\\1 0!' /usr/src/redis/src/server.h; \tgrep -q '^#define CONFIG_DEFAULT_PROTECTED_MODE 0$' /usr/src/redis/src/server.h; \t\tmake -C /usr/src/redis -j \"$(nproc)\" all; \tmake -C /usr/src/redis install; \t\tserverMd5=\"$(md5sum /usr/local/bin/redis-server | cut -d' ' -f1)\"; export serverMd5; \tfind /usr/local/bin/redis* -maxdepth 0 \t\t-type f -not -name redis-server \t\t-exec sh -eux -c ' \t\t\tmd5=\"$(md5sum \"$1\" | cut -d\" \" -f1)\"; \t\t\ttest \"$md5\" = \"$serverMd5\"; \t\t' -- '{}' ';' \t\t-exec ln -svfT 'redis-server' '{}' ';' \t; \t\trm -r /usr/src/redis; \t\trunDeps=\"$( \t\tscanelf --needed --nobanner --format '%n#p' --recursive /usr/local \t\t\t| tr ',' '\\n' \t\t\t| sort -u \t\t\t| awk 'system(\"[ -e /usr/local/lib/\" $1 \" ]\") == 0 { next } { print \"so:\" $1 }' \t)\"; \tapk add --no-network --virtual .redis-rundeps $runDeps; \tapk del --no-network .build-deps; \t\tredis-cli --version; \tredis-server --version"},{"created":"2020-03-24T00:53:35.219227357Z","created_by":"/bin/sh -c mkdir /data \u0026\u0026 chown redis:redis /data"},{"created":"2020-03-24T00:53:35.427328104Z","created_by":"/bin/sh -c #(nop)  VOLUME [/data]","empty_layer":true},{"created":"2020-03-24T00:53:35.651172162Z","created_by":"/bin/sh -c #(nop) WORKDIR /data","empty_layer":true},{"created":"2020-03-24T00:53:35.927395676Z","created_by":"/bin/sh -c #(nop) COPY file:c48b97ea65422782310396358f838c38c0747767dd606a88d4c3d0b034a60762 in /usr/local/bin/ "},{"created":"2020-03-24T00:53:36.114454222Z","created_by":"/bin/sh -c #(nop)  ENTRYPOINT [\"docker-entrypoint.sh\"]","empty_layer":true},{"created":"2020-03-24T00:53:36.298359539Z","created_by":"/bin/sh -c #(nop)  EXPOSE 6379","empty_layer":true},{"created":"2020-03-24T00:53:36.48646124Z","created_by":"/bin/sh -c #(nop)  CMD [\"redis-server\"]","empty_layer":true}],"os":"linux","rootfs":{"type":"layers","diff_ids":["sha256:beee9f30bc1f711043e78d4a2be0668955d4b761d587d6f60c2c8dc081efb203","sha256:bc5a81440134d738e909891494d42f7262a4e4cf8cc73293c28a654d3ba146cc","sha256:5212569ac346b490d48eb23f5511cf0f0303728d21f2d60677f8bd5a84a11460","sha256:692bf7906cbbb647e7381216bb5e1d708ca2a05998cbfccca6def4c3f6a9fccd","sha256:068ccc121d6dd4c0bb03dcd3b3793b39b2fa63ffcf606540f14f01856d345417","sha256:baf6c482be2e888923e7201e56ed111c019f47e84a05ed08824b7d8d03338038"]}},"media_type":"application/vnd.docker.container.image.v1+json"}, 
 {"id":4,"manifest_id":4,"size":5101,"created_at":"2020-04-15T12:04:28.95584","digest_hex":"631bf69df08e11fff62ae65c901ba312618056a197b8e44a8c8b5a14e19599f2","payload":{"architecture":"amd64","config":{"Hostname":"","Domainname":"","User":"","AttachStdin":false,"AttachStdout":false,"AttachStderr":false,"ExposedPorts":{"6379/tcp":{}},"Tty":false,"OpenStdin":false,"StdinOnce":false,"Env":["PATH=/usr/local/sbin:/usr/local/bin:/usr/sbin:/usr/bin:/sbin:/bin","REDIS_VERSION=5.0.4","REDIS_DOWNLOAD_URL=http://download.redis.io/releases/redis-5.0.4.tar.gz","REDIS_DOWNLOAD_SHA=3ce9ceff5a23f60913e1573f6dfcd4aa53b42d4a2789e28fa53ec2bd28c987dd"],"Cmd":["redis-server"],"ArgsEscaped":true,"Image":"sha256:afd44981e4a33a0068bd0260a0b8660b176745913522faca906da83f8d076361","Volumes":{"/data":{}},"WorkingDir":"/data","Entrypoint":["docker-entrypoint.sh"],"OnBuild":null,"Labels":null},"container":"d13ca3f830f16e37485b0199dfeaf12a856c55348c0242b5ab40068b1fc21b5b","container_config":{"Hostname":"d13ca3f830f1","Domainname":"","User":"","AttachStdin":false,"AttachStdout":false,"AttachStderr":false,"ExposedPorts":{"6379/tcp":{}},"Tty":false,"OpenStdin":false,"StdinOnce":false,"Env":["PATH=/usr/local/sbin:/usr/local/bin:/usr/sbin:/usr/bin:/sbin:/bin","REDIS_VERSION=5.0.4","REDIS_DOWNLOAD_URL=http://download.redis.io/releases/redis-5.0.4.tar.gz","REDIS_DOWNLOAD_SHA=3ce9ceff5a23f60913e1573f6dfcd4aa53b42d4a2789e28fa53ec2bd28c987dd"],"Cmd":["/bin/sh","-c","#(nop) ","CMD [\"redis-server\"]"],"ArgsEscaped":true,"Image":"sha256:afd44981e4a33a0068bd0260a0b8660b176745913522faca906da83f8d076361","Volumes":{"/data":{}},"WorkingDir":"/data","Entrypoint":["docker-entrypoint.sh"],"OnBuild":null,"Labels":{}},"created":"2019-05-11T01:45:46.435430289Z","docker_version":"18.06.1-ce","history":[{"created":"2019-05-11T00:07:03.358250803Z","created_by":"/bin/sh -c #(nop) ADD file:a86aea1f3a7d68f6ae03397b99ea77f2e9ee901c5c59e59f76f93adbb4035913 in / "},{"created":"2019-05-11T00:07:03.510395965Z","created_by":"/bin/sh -c #(nop)  CMD [\"/bin/sh\"]","empty_layer":true},{"created":"2019-05-11T01:43:50.557549768Z","created_by":"/bin/sh -c addgroup -S redis \u0026\u0026 adduser -S -G redis redis"},{"created":"2019-05-11T01:43:52.363434171Z","created_by":"/bin/sh -c apk add --no-cache \t\t'su-exec\u003e=0.2' \t\ttzdata"},{"created":"2019-05-11T01:43:52.634259015Z","created_by":"/bin/sh -c #(nop)  ENV REDIS_VERSION=5.0.4","empty_layer":true},{"created":"2019-05-11T01:43:52.892396849Z","created_by":"/bin/sh -c #(nop)  ENV REDIS_DOWNLOAD_URL=http://download.redis.io/releases/redis-5.0.4.tar.gz","empty_layer":true},{"created":"2019-05-11T01:43:53.141670384Z","created_by":"/bin/sh -c #(nop)  ENV REDIS_DOWNLOAD_SHA=3ce9ceff5a23f60913e1573f6dfcd4aa53b42d4a2789e28fa53ec2bd28c987dd","empty_layer":true},{"created":"2019-05-11T01:45:43.65725451Z","created_by":"/bin/sh -c set -ex; \t\tapk add --no-cache --virtual .build-deps \t\tcoreutils \t\tgcc \t\tlinux-headers \t\tmake \t\tmusl-dev \t; \t\twget -O redis.tar.gz \"$REDIS_DOWNLOAD_URL\"; \techo \"$REDIS_DOWNLOAD_SHA *redis.tar.gz\" | sha256sum -c -; \tmkdir -p /usr/src/redis; \ttar -xzf redis.tar.gz -C /usr/src/redis --strip-components=1; \trm redis.tar.gz; \t\tgrep -q '^#define CONFIG_DEFAULT_PROTECTED_MODE 1$' /usr/src/redis/src/server.h; \tsed -ri 's!^(#define CONFIG_DEFAULT_PROTECTED_MODE) 1$!\\1 0!' /usr/src/redis/src/server.h; \tgrep -q '^#define CONFIG_DEFAULT_PROTECTED_MODE 0$' /usr/src/redis/src/server.h; \t\tmake -C /usr/src/redis -j \"$(nproc)\"; \tmake -C /usr/src/redis install; \t\trm -r /usr/src/redis; \t\trunDeps=\"$( \t\tscanelf --needed --nobanner --format '%n#p' --recursive /usr/local \t\t\t| tr ',' '\\n' \t\t\t| sort -u \t\t\t| awk 'system(\"[ -e /usr/local/lib/\" $1 \" ]\") == 0 { next } { print \"so:\" $1 }' \t)\"; \tapk add --virtual .redis-rundeps $runDeps; \tapk del .build-deps; \t\tredis-server --version"},{"created":"2019-05-11T01:45:44.828575719Z","created_by":"/bin/sh -c mkdir /data \u0026\u0026 chown redis:redis /data"},{"created":"2019-05-11T01:45:45.088129767Z","created_by":"/bin/sh -c #(nop)  VOLUME [/data]","empty_layer":true},{"created":"2019-05-11T01:45:45.378882889Z","created_by":"/bin/sh -c #(nop) WORKDIR /data","empty_layer":true},{"created":"2019-05-11T01:45:45.680073648Z","created_by":"/bin/sh -c #(nop) COPY file:c48b97ea65422782310396358f838c38c0747767dd606a88d4c3d0b034a60762 in /usr/local/bin/ "},{"created":"2019-05-11T01:45:45.935940011Z","created_by":"/bin/sh -c #(nop)  ENTRYPOINT [\"docker-entrypoint.sh\"]","empty_layer":true},{"created":"2019-05-11T01:45:46.199969099Z","created_by":"/bin/sh -c #(nop)  EXPOSE 6379","empty_layer":true},{"created":"2019-05-11T01:45:46.435430289Z","created_by":"/bin/sh -c #(nop)  CMD [\"redis-server\"]","empty_layer":true}],"os":"linux","rootfs":{"type":"layers","diff_ids":["sha256:f1b5933fe4b5f49bbe8258745cf396afe07e625bdab3168e364daf7c956b6b81","sha256:90e3352930da8147d972640e45c377d5e58d081045cb0530de0659147f737f3a","sha256:7e18d8bb6e4f591d542308c3842225e983c274dcf613ad48486a51318a654b93","sha256:e486a972764a47e432dc271c24ff602b0b10c1ab4a5ca855b9f242d5dd0372e5","sha256:100fb4a660e12f057f29d11878fb3301f15a0d72eec236286e4a8ac5eeba371b","sha256:88eee37ac3ee0aa58d71db7c4722bf22700afe163e52fe83ae86f74a5e8de425"]}},"media_type":"application/vnd.docker.container.image.v1+json"}, 
 {"id":5,"manifest_id":5,"size":5108,"created_at":"2020-04-15T12:04:28.95584","digest_hex":"ca0b6709748d024a67c502558ea88dc8a1f8a858d380f5ddafa1504126a3b018","payload":{"architecture":"amd64","config":{"Hostname":"","Domainname":"","User":"","AttachStdin":false,"AttachStdout":false,"AttachStderr":false,"ExposedPorts":{"6379/tcp":{}},"Tty":false,"OpenStdin":false,"StdinOnce":false,"Env":["PATH=/usr/local/sbin:/usr/local/bin:/usr/sbin:/usr/bin:/sbin:/bin","REDIS_VERSION=3.2.11","REDIS_DOWNLOAD_URL=http://download.redis.io/releases/redis-3.2.11.tar.gz","REDIS_DOWNLOAD_SHA=31ae927cab09f90c9ca5954aab7aeecc3bb4da6087d3d12ba0a929ceb54081b5"],"Cmd":["redis-server"],"ArgsEscaped":true,"Image":"sha256:69868e872ba136071f7f89a106ba83e4ae742a3244af26bec521bfa2facea0a6","Volumes":{"/data":{}},"WorkingDir":"/data","Entrypoint":["docker-entrypoint.sh"],"OnBuild":[],"Labels":null},"container":"9e1b6083cde627172a467907882ad67de452b08b0701076681a899dd0b4e4d55","container_config":{"Hostname":"9e1b6083cde6","Domainname":"","User":"","AttachStdin":false,"AttachStdout":false,"AttachStderr":false,"ExposedPorts":{"6379/tcp":{}},"Tty":false,"OpenStdin":false,"StdinOnce":false,"Env":["PATH=/usr/local/sbin:/usr/local/bin:/usr/sbin:/usr/bin:/sbin:/bin","REDIS_VERSION=3.2.11","REDIS_DOWNLOAD_URL=http://download.redis.io/releases/redis-3.2.11.tar.gz","REDIS_DOWNLOAD_SHA=31ae927cab09f90c9ca5954aab7aeecc3bb4da6087d3d12ba0a929ceb54081b5"],"Cmd":["/bin/sh","-c","#(nop) ","CMD [\"redis-server\"]"],"ArgsEscaped":true,"Image":"sha256:69868e872ba136071f7f89a106ba83e4ae742a3244af26bec521bfa2facea0a6","Volumes":{"/data":{}},"WorkingDir":"/data","Entrypoint":["docker-entrypoint.sh"],"OnBuild":[],"Labels":{}},"created":"2018-05-21T21:30:18.104069469Z","docker_version":"17.06.2-ce","history":[{"created":"2018-01-09T21:10:58.365737589Z","created_by":"/bin/sh -c #(nop) ADD file:093f0723fa46f6cdbd6f7bd146448bb70ecce54254c35701feeceb956414622f in / "},{"created":"2018-01-09T21:10:58.579708634Z","created_by":"/bin/sh -c #(nop)  CMD [\"/bin/sh\"]","empty_layer":true},{"created":"2018-01-24T00:17:37.903111265Z","created_by":"/bin/sh -c addgroup -S redis \u0026\u0026 adduser -S -G redis redis"},{"created":"2018-01-24T00:17:41.612579248Z","created_by":"/bin/sh -c apk add --no-cache 'su-exec\u003e=0.2'"},{"created":"2018-01-24T00:17:41.97397235Z","created_by":"/bin/sh -c #(nop)  ENV REDIS_VERSION=3.2.11","empty_layer":true},{"created":"2018-01-24T00:17:42.356241455Z","created_by":"/bin/sh -c #(nop)  ENV REDIS_DOWNLOAD_URL=http://download.redis.io/releases/redis-3.2.11.tar.gz","empty_layer":true},{"created":"2018-01-24T00:17:42.73271852Z","created_by":"/bin/sh -c #(nop)  ENV REDIS_DOWNLOAD_SHA=31ae927cab09f90c9ca5954aab7aeecc3bb4da6087d3d12ba0a929ceb54081b5","empty_layer":true},{"created":"2018-05-21T21:30:15.913873377Z","created_by":"/bin/sh -c set -ex; \t\tapk add --no-cache --virtual .build-deps \t\tcoreutils \t\tgcc \t\tjemalloc-dev \t\tlinux-headers \t\tmake \t\tmusl-dev \t; \t\twget -O redis.tar.gz \"$REDIS_DOWNLOAD_URL\"; \techo \"$REDIS_DOWNLOAD_SHA *redis.tar.gz\" | sha256sum -c -; \tmkdir -p /usr/src/redis; \ttar -xzf redis.tar.gz -C /usr/src/redis --strip-components=1; \trm redis.tar.gz; \t\tgrep -q '^#define CONFIG_DEFAULT_PROTECTED_MODE 1$' /usr/src/redis/src/server.h; \tsed -ri 's!^(#define CONFIG_DEFAULT_PROTECTED_MODE) 1$!\\1 0!' /usr/src/redis/src/server.h; \tgrep -q '^#define CONFIG_DEFAULT_PROTECTED_MODE 0$' /usr/src/redis/src/server.h; \t\tmake -C /usr/src/redis -j \"$(nproc)\"; \tmake -C /usr/src/redis install; \t\trm -r /usr/src/redis; \t\trunDeps=\"$( \t\tscanelf --needed --nobanner --format '%n#p' --recursive /usr/local \t\t\t| tr ',' '\\n' \t\t\t| sort -u \t\t\t| awk 'system(\"[ -e /usr/local/lib/\" $1 \" ]\") == 0 { next } { print \"so:\" $1 }' \t)\"; \tapk add --virtual .redis-rundeps $runDeps; \tapk del .build-deps; \t\tredis-server --version"},{"created":"2018-05-21T21:30:16.591737355Z","created_by":"/bin/sh -c mkdir /data \u0026\u0026 chown redis:redis /data"},{"created":"2018-05-21T21:30:16.817652051Z","created_by":"/bin/sh -c #(nop)  VOLUME [/data]","empty_layer":true},{"created":"2018-05-21T21:30:17.096241959Z","created_by":"/bin/sh -c #(nop) WORKDIR /data","empty_layer":true},{"created":"2018-05-21T21:30:17.425331146Z","created_by":"/bin/sh -c #(nop) COPY file:9b596974f478088dc2d2bf2906046f6c8872ecff3c716abd89850fd50ec90c47 in /usr/local/bin/ "},{"created":"2018-05-21T21:30:17.641811717Z","created_by":"/bin/sh -c #(nop)  ENTRYPOINT [\"docker-entrypoint.sh\"]","empty_layer":true},{"created":"2018-05-21T21:30:17.865752306Z","created_by":"/bin/sh -c #(nop)  EXPOSE 6379/tcp","empty_layer":true},{"created":"2018-05-21T21:30:18.104069469Z","created_by":"/bin/sh -c #(nop)  CMD [\"redis-server\"]","empty_layer":true}],"os":"linux","rootfs":{"type":"layers","diff_ids":["sha256:cd7100a72410606589a54b932cabd804a17f9ae5b42a1882bd56d263e02b6215","sha256:ad9247fe8c639c4b643c3c9ba1cf48f0f0ecbbe9ebdff61134ce4278a3cfec77","sha256:c3d2785637343250f39cc5f824bf7d03d8a586ae701b0d9ec9ea7dfce3d059b3","sha256:e3b89804d966d76c2c4f28ec83439cfc0172a5a4b39c7e97c9f3204ea39aaa5b","sha256:938588d29d17f373ecab9ea9e110b99783bae458e13833d5416f9f45be483340","sha256:a521e34fcf3d296742422b730056665464dca384f377b68218a56657f0180a33"]}},"media_type":"application/vnd.docker.container.image.v1+json"}, 
 {"id":6,"manifest_id":6,"size":1509,"created_at":"2020-04-15T12:04:28.95584","digest_hex":"2ee122dcc32de080998a9e1ab8665445f621cd323d3ce6bdea2b8a58a921f312","payload":{"architecture":"arm64","config":{"Hostname":"","Domainname":"","User":"","AttachStdin":false,"AttachStdout":false,"AttachStderr":false,"Tty":false,"OpenStdin":false,"StdinOnce":false,"Env":["PATH=/usr/local/sbin:/usr/local/bin:/usr/sbin:/usr/bin:/sbin:/bin"],"Cmd":["/bin/sh"],"ArgsEscaped":true,"Image":"sha256:3b4c9bf302e38ec6706ebb5bcfd942afbba488ad0ad27583f0146018638e949e","Volumes":null,"WorkingDir":"","Entrypoint":null,"OnBuild":null,"Labels":null},"container":"93fce45805a181158be8fa78c882f776bbab3ca574861b7e38fed81eb0709c3b","container_config":{"Hostname":"93fce45805a1","Domainname":"","User":"","AttachStdin":false,"AttachStdout":false,"AttachStderr":false,"Tty":false,"OpenStdin":false,"StdinOnce":false,"Env":["PATH=/usr/local/sbin:/usr/local/bin:/usr/sbin:/usr/bin:/sbin:/bin"],"Cmd":["/bin/sh","-c","#(nop) ","CMD [\"/bin/sh\"]"],"ArgsEscaped":true,"Image":"sha256:3b4c9bf302e38ec6706ebb5bcfd942afbba488ad0ad27583f0146018638e949e","Volumes":null,"WorkingDir":"","Entrypoint":null,"OnBuild":null,"Labels":{}},"created":"2020-03-23T21:39:53.041338799Z","docker_version":"18.09.7","history":[{"created":"2020-03-23T21:39:52.296870342Z","created_by":"/bin/sh -c #(nop) ADD file:746a5c3838a898d6acf7877552ff13d1ab40d0036ace7a662e7c747018315ddb in / "},{"created":"2020-03-23T21:39:53.041338799Z","created_by":"/bin/sh -c #(nop)  CMD [\"/bin/sh\"]","empty_layer":true}],"os":"linux","rootfs":{"type":"layers","diff_ids":["sha256:294ac687b5fcac6acedb9a20cc756ffe39ebc87e8a0214d3fb8ef3fc3189ee2a"]}},"media_type":"application/vnd.docker.container.image.v1+json"}, 
 {"id":7,"manifest_id":7,"size":1509,"created_at":"2020-04-15T12:04:28.95584","digest_hex":"a187dde48cd289ac374ad8539930628314bc581a481cdb41409c9289419ddb72","payload":{"architecture":"amd64","config":{"Hostname":"","Domainname":"","User":"","AttachStdin":false,"AttachStdout":false,"AttachStderr":false,"Tty":false,"OpenStdin":false,"StdinOnce":false,"Env":["PATH=/usr/local/sbin:/usr/local/bin:/usr/sbin:/usr/bin:/sbin:/bin"],"Cmd":["/bin/sh"],"ArgsEscaped":true,"Image":"sha256:74df73bb19fbfc7fb5ab9a8234b3d98ee2fb92df5b824496679802685205ab8c","Volumes":null,"WorkingDir":"","Entrypoint":null,"OnBuild":null,"Labels":null},"container":"fb71ddde5f6411a82eb056a9190f0cc1c80d7f77a8509ee90a2054428edb0024","container_config":{"Hostname":"fb71ddde5f64","Domainname":"","User":"","AttachStdin":false,"AttachStdout":false,"AttachStderr":false,"Tty":false,"OpenStdin":false,"StdinOnce":false,"Env":["PATH=/usr/local/sbin:/usr/local/bin:/usr/sbin:/usr/bin:/sbin:/bin"],"Cmd":["/bin/sh","-c","#(nop) ","CMD [\"/bin/sh\"]"],"ArgsEscaped":true,"Image":"sha256:74df73bb19fbfc7fb5ab9a8234b3d98ee2fb92df5b824496679802685205ab8c","Volumes":null,"WorkingDir":"","Entrypoint":null,"OnBuild":null,"Labels":{}},"created":"2020-03-23T21:19:34.196162891Z","docker_version":"18.09.7","history":[{"created":"2020-03-23T21:19:34.027725872Z","created_by":"/bin/sh -c #(nop) ADD file:0c4555f363c2672e350001f1293e689875a3760afe7b3f9146886afe67121cba in / "},{"created":"2020-03-23T21:19:34.196162891Z","created_by":"/bin/sh -c #(nop)  CMD [\"/bin/sh\"]","empty_layer":true}],"os":"linux","rootfs":{"type":"layers","diff_ids":["sha256:beee9f30bc1f711043e78d4a2be0668955d4b761d587d6f60c2c8dc081efb203"]}},"media_type":"application/vnd.docker.container.image.v1+json"}, 
 {"id":8,"manifest_id":10,"size":139,"created_at":"2020-04-15T12:04:28.95584","digest_hex":"cbcce8ad7fdaea54f60aeef01f57f2f46f67382b5d391d63d2b55f536195935a","payload":{"name":"e-helm","version":"latest","description":"Sample Helm Chart","apiVersion":"v2","appVersion":"1.16.0","type":"application"},"media_type":"application/vnd.cncf.helm.config.v1+json"}]