[{"id":1,"namespace_id":1,"parent_id":null,"created_at":"2020-04-15T12:04:28.95584","updated_at":null,"name":"b-nested","path":"b-nested"}, 
 {"id":2,"namespace_id":1,"parent_id":1,"created_at":"2020-04-15T12:04:28.95584","updated_at":null,"name":"older","path":"b-nested/older"}]