[{"id":1,"repository_id":1,"blob_id":1,"created_at":"2020-04-15T12:04:28.95584"}, 
 {"id":2,"repository_id":2,"blob_id":2,"created_at":"2020-04-15T12:04:28.95584"}, 
 {"id":3,"repository_id":2,"blob_id":3,"created_at":"2020-04-15T12:04:28.95584"}, 
 {"id":4,"repository_id":2,"blob_id":4,"created_at":"2020-04-15T12:04:28.95584"}, 
 {"id":5,"repository_id":2,"blob_id":5,"created_at":"2020-04-15T12:04:28.95584"}, 
 {"id":6,"repository_id":2,"blob_id":6,"created_at":"2020-04-15T12:04:28.95584"}, 
 {"id":7,"repository_id":2,"blob_id":7,"created_at":"2020-04-15T12:04:28.95584"}, 
 {"id":8,"repository_id":4,"blob_id":2,"created_at":"2020-04-15T12:04:28.95584"}, 
 {"id":9,"repository_id":4,"blob_id":3,"created_at":"2020-04-15T12:04:28.95584"}, 
 {"id":10,"repository_id":4,"blob_id":4,"created_at":"2020-04-15T12:04:28.95584"}, 
 {"id":11,"repository_id":4,"blob_id":8,"created_at":"2020-04-15T12:04:28.95584"}, 
 {"id":12,"repository_id":4,"blob_id":9,"created_at":"2020-04-15T12:04:28.95584"}, 
 {"id":13,"repository_id":4,"blob_id":10,"created_at":"2020-04-15T12:04:28.95584"}, 
 {"id":14,"repository_id":4,"blob_id":11,"created_at":"2020-04-15T12:04:28.95584"}, 
 {"id":15,"repository_id":4,"blob_id":12,"created_at":"2020-04-15T12:04:28.95584"}, 
 {"id":16,"repository_id":4,"blob_id":13,"created_at":"2020-04-15T12:04:28.95584"}, 
 {"id":17,"repository_id":4,"blob_id":14,"created_at":"2020-04-15T12:04:28.95584"}, 
 {"id":18,"repository_id":4,"blob_id":15,"created_at":"2020-04-15T12:04:28.95584"}, 
 {"id":19,"repository_id":4,"blob_id":16,"created_at":"2020-04-15T12:04:28.95584"}, 
 {"id":20,"repository_id":7,"blob_id":17,"created_at":"2020-04-15T12:04:28.95584"}, 
 {"id":21,"repository_id":7,"blob_id":18,"created_at":"2020-04-15T12:04:28.95584"}, 
 {"id":22,"repository_id":7,"blob_id":19,"created_at":"2020-04-15T12:04:28.95584"}, 
 {"id":23,"repository_id":7,"blob_id":20,"created_at":"2020-04-15T12:04:28.95584"}, 
 {"id":24,"repository_id":7,"blob_id":21,"created_at":"2020-04-15T12:04:28.95584"}, 
 {"id":25,"repository_id":7,"blob_id":22,"created_at":"2020-04-15T12:04:28.95584"}, 
 {"id":26,"repository_id":8,"blob_id":23,"created_at":"2020-04-15T12:04:28.95584"}, 
 {"id":27,"repository_id":8,"blob_id":2,"created_at":"2020-04-15T12:04:28.95584"}, 
 {"id":30,"repository_id":9,"blob_id":24,"created_at":"2020-04-15T12:04:28.95584"}, 
 {"id":31,"repository_id":9,"blob_id":1,"created_at":"2020-04-15T12:04:28.95584"}, 
 {"id":32,"repository_id":10,"blob_id":25,"created_at":"2020-04-15T12:04:28.95584"}]