[{"id":1,"repository_id":1,"manifest_id":1,"created_at":"2020-04-15T12:04:28.95584","updated_at":null,"name":"1.31.1"}, 
 {"id":2,"repository_id":1,"manifest_id":1,"created_at":"2020-04-15T12:04:28.95584","updated_at":null,"name":"latest"}, 
 {"id":3,"repository_id":2,"manifest_id":2,"created_at":"2020-04-15T12:04:28.95584","updated_at":null,"name":"5.0.8-alpine"}, 
 {"id":4,"repository_id":4,"manifest_id":3,"created_at":"2020-04-15T12:04:28.95584","updated_at":null,"name":"4.0.14-alpine"}, 
 {"id":5,"repository_id":4,"manifest_id":4,"created_at":"2020-04-15T12:04:28.95584","updated_at":null,"name":"5.0.4-alpine"}, 
 {"id":6,"repository_id":7,"manifest_id":5,"created_at":"2020-04-15T12:04:28.95584","updated_at":null,"name":"3.2.11-alpine"}, 
 {"id":7,"repository_id":8,"manifest_id":8,"created_at":"2020-04-15T12:04:28.95584","updated_at":null,"name":"3.11.5"}, 
 {"id":8,"repository_id":8,"manifest_id":7,"created_at":"2020-04-15T12:04:28.95584","updated_at":null,"name":"3.11.5-amd64"}, 
 {"id":9,"repository_id":8,"manifest_id":6,"created_at":"2020-04-15T12:04:28.95584","updated_at":null,"name":"3.11.5-arm64"}, 
 {"id":10,"repository_id":9,"manifest_id":9,"created_at":"2020-04-15T12:04:28.95584","updated_at":null,"name":"latest"}, 
 {"id":11,"repository_id":10,"manifest_id":10,"created_at":"2020-04-15T12:04:28.95584","updated_at":null,"name":"latest"}]